15:42:15 **** Incremental Build of configuration Debug for project AXI_DMA_Test ****
make pre-build main-build 
a9-linaro-pre-build-step
' '
make: Nothing to be done for 'main-build'.
15:42:42 **** Incremental Build of configuration Debug for project AXI_DMA_Test ****
make pre-build main-build 
a9-linaro-pre-build-step
' '
make: Nothing to be done for 'main-build'.
15:43:33 **** Incremental Build of configuration Debug for project AXI_DMA_Test ****
make pre-build main-build 
a9-linaro-pre-build-step
' '
make: Nothing to be done for 'main-build'.
15:44:34 **** Incremental Build of configuration Debug for project AXI_DMA_Test ****
make pre-build main-build 
a9-linaro-pre-build-step
' '
make: Nothing to be done for 'main-build'.
15:45:09 **** Incremental Build of configuration Debug for project AXI_DMA_Test ****
make pre-build main-build 
a9-linaro-pre-build-step
' '
make: Nothing to be done for 'main-build'.
15:45:32 **** Incremental Build of configuration Debug for project AXI_DMA_Test ****
make pre-build main-build 
a9-linaro-pre-build-step
' '
make: Nothing to be done for 'main-build'.
15:45:36 **** Incremental Build of configuration Debug for project AXI_DMA_Test ****
make pre-build main-build 
a9-linaro-pre-build-step
' '
make: Nothing to be done for 'main-build'.
15:45:51 **** Incremental Build of configuration Debug for project AXI_DMA_Test ****
make pre-build main-build 
a9-linaro-pre-build-step
' '
make: Nothing to be done for 'main-build'.
15:46:47 **** Incremental Build of configuration Debug for project AXI_DMA_Test ****
make pre-build main-build 
a9-linaro-pre-build-step
' '
make: Nothing to be done for 'main-build'.
16:07:58 **** Incremental Build of configuration Debug for project AXI_DMA_Test ****
make pre-build main-build 
a9-linaro-pre-build-step
' '
make: Nothing to be done for 'main-build'.
16:08:06 **** Incremental Build of configuration Debug for project AXI_DMA_Test ****
make pre-build main-build 
a9-linaro-pre-build-step
' '
make: Nothing to be done for 'main-build'.
16:08:44 **** Incremental Build of configuration Debug for project AXI_DMA_Test ****
make pre-build main-build 
a9-linaro-pre-build-step
' '
make: Nothing to be done for 'main-build'.
10:00:55 **** Auto Build of configuration Debug for project AXI_DMA_Test ****
make pre-build main-build 
a9-linaro-pre-build-step
' '
'Building file: ../src/main.c'
'Invoking: ARM v7 gcc compiler'
arm-none-eabi-gcc -Wall -O0 -g3 -I../../AXI_DMA_Test_bsp/ps7_cortexa9_0/include -I"E:\ACZ7020\AXI_DMA\AXI_DMA.sdk\AXI_DMA_Test\ACZ702_Lib\AXI_DMA" -I"E:\ACZ7020\AXI_DMA\AXI_DMA.sdk\AXI_DMA_Test\ACZ702_Lib\SCU" -I"E:\ACZ7020\AXI_DMA\AXI_DMA.sdk\AXI_DMA_Test\src" -c -fmessage-length=0 -MT"src/main.o" -mcpu=cortex-a9 -mfpu=vfpv3 -mfloat-abi=hard -MMD -MP -MF"src/main.d" -MT"src/main.o" -o "src/main.o" "../src/main.c"
'Finished building: ../src/main.c'
' '
'Building target: AXI_DMA_Test.elf'
'Invoking: ARM v7 gcc linker'
arm-none-eabi-gcc -mcpu=cortex-a9 -mfpu=vfpv3 -mfloat-abi=hard -Wl,-build-id=none -specs=Xilinx.spec -Wl,-T -Wl,../src/lscript.ld -L../../AXI_DMA_Test_bsp/ps7_cortexa9_0/lib -o "AXI_DMA_Test.elf"  ./src/COMMON.o ./src/ISR.o ./src/main.o  ./ACZ702_Lib/SCU/SCU_GIC.o ./ACZ702_Lib/SCU/SCU_TIMER.o  ./ACZ702_Lib/AXI_DMA/AXI_DMA.o   -Wl,--start-group,-lxil,-lgcc,-lc,--end-group
'Finished building target: AXI_DMA_Test.elf'
' '
'Invoking: ARM v7 Print Size'
arm-none-eabi-size AXI_DMA_Test.elf  |tee "AXI_DMA_Test.elf.size"
   text	   data	    bss	    dec	    hex	filename
  48572	   3040	  24552	  76164	  12984	AXI_DMA_Test.elf
'Finished building: AXI_DMA_Test.elf.size'
' '
10:01:05 **** Incremental Build of configuration Debug for project AXI_DMA_Test ****
make pre-build main-build 
a9-linaro-pre-build-step
' '
make: Nothing to be done for 'main-build'.
10:01:40 **** Incremental Build of configuration Debug for project AXI_DMA_Test ****
make pre-build main-build 
a9-linaro-pre-build-step
' '
make: Nothing to be done for 'main-build'.
10:04:05 **** Incremental Build of configuration Debug for project AXI_DMA_Test ****
make pre-build main-build 
a9-linaro-pre-build-step
' '
make: Nothing to be done for 'main-build'.
10:08:45 **** Auto Build of configuration Debug for project AXI_DMA_Test ****
make pre-build main-build 
a9-linaro-pre-build-step
' '
'Building file: ../src/main.c'
'Invoking: ARM v7 gcc compiler'
arm-none-eabi-gcc -Wall -O0 -g3 -I../../AXI_DMA_Test_bsp/ps7_cortexa9_0/include -I"E:\ACZ7020\AXI_DMA\AXI_DMA.sdk\AXI_DMA_Test\ACZ702_Lib\AXI_DMA" -I"E:\ACZ7020\AXI_DMA\AXI_DMA.sdk\AXI_DMA_Test\ACZ702_Lib\SCU" -I"E:\ACZ7020\AXI_DMA\AXI_DMA.sdk\AXI_DMA_Test\src" -c -fmessage-length=0 -MT"src/main.o" -mcpu=cortex-a9 -mfpu=vfpv3 -mfloat-abi=hard -MMD -MP -MF"src/main.d" -MT"src/main.o" -o "src/main.o" "../src/main.c"
'Finished building: ../src/main.c'
' '
'Building target: AXI_DMA_Test.elf'
'Invoking: ARM v7 gcc linker'
arm-none-eabi-gcc -mcpu=cortex-a9 -mfpu=vfpv3 -mfloat-abi=hard -Wl,-build-id=none -specs=Xilinx.spec -Wl,-T -Wl,../src/lscript.ld -L../../AXI_DMA_Test_bsp/ps7_cortexa9_0/lib -o "AXI_DMA_Test.elf"  ./src/COMMON.o ./src/ISR.o ./src/main.o  ./ACZ702_Lib/SCU/SCU_GIC.o ./ACZ702_Lib/SCU/SCU_TIMER.o  ./ACZ702_Lib/AXI_DMA/AXI_DMA.o   -Wl,--start-group,-lxil,-lgcc,-lc,--end-group
'Finished building target: AXI_DMA_Test.elf'
' '
'Invoking: ARM v7 Print Size'
arm-none-eabi-size AXI_DMA_Test.elf  |tee "AXI_DMA_Test.elf.size"
   text	   data	    bss	    dec	    hex	filename
  48572	   3040	  24552	  76164	  12984	AXI_DMA_Test.elf
'Finished building: AXI_DMA_Test.elf.size'
' '
10:08:50 **** Incremental Build of configuration Debug for project AXI_DMA_Test ****
make pre-build main-build 
a9-linaro-pre-build-step
' '
make: Nothing to be done for 'main-build'.
10:11:36 **** Auto Build of configuration Debug for project AXI_DMA_Test ****
make pre-build main-build 
a9-linaro-pre-build-step
' '
'Building file: ../src/main.c'
'Invoking: ARM v7 gcc compiler'
arm-none-eabi-gcc -Wall -O0 -g3 -I../../AXI_DMA_Test_bsp/ps7_cortexa9_0/include -I"E:\ACZ7020\AXI_DMA\AXI_DMA.sdk\AXI_DMA_Test\ACZ702_Lib\AXI_DMA" -I"E:\ACZ7020\AXI_DMA\AXI_DMA.sdk\AXI_DMA_Test\ACZ702_Lib\SCU" -I"E:\ACZ7020\AXI_DMA\AXI_DMA.sdk\AXI_DMA_Test\src" -c -fmessage-length=0 -MT"src/main.o" -mcpu=cortex-a9 -mfpu=vfpv3 -mfloat-abi=hard -MMD -MP -MF"src/main.d" -MT"src/main.o" -o "src/main.o" "../src/main.c"
../src/main.c: In function 'main':
../src/main.c:27:14: warning: assignment from incompatible pointer type [-Wincompatible-pointer-types]
  TxBufferPtr = (uint8_t *)TX_BUFFER_BASE;
              ^
../src/main.c:29:14: warning: assignment from incompatible pointer type [-Wincompatible-pointer-types]
  RxBufferPtr = (uint8_t *)RX_BUFFER_BASE;
              ^
'Finished building: ../src/main.c'
' '
'Building target: AXI_DMA_Test.elf'
'Invoking: ARM v7 gcc linker'
arm-none-eabi-gcc -mcpu=cortex-a9 -mfpu=vfpv3 -mfloat-abi=hard -Wl,-build-id=none -specs=Xilinx.spec -Wl,-T -Wl,../src/lscript.ld -L../../AXI_DMA_Test_bsp/ps7_cortexa9_0/lib -o "AXI_DMA_Test.elf"  ./src/COMMON.o ./src/ISR.o ./src/main.o  ./ACZ702_Lib/SCU/SCU_GIC.o ./ACZ702_Lib/SCU/SCU_TIMER.o  ./ACZ702_Lib/AXI_DMA/AXI_DMA.o   -Wl,--start-group,-lxil,-lgcc,-lc,--end-group
'Finished building target: AXI_DMA_Test.elf'
' '
'Invoking: ARM v7 Print Size'
arm-none-eabi-size AXI_DMA_Test.elf  |tee "AXI_DMA_Test.elf.size"
   text	   data	    bss	    dec	    hex	filename
  48572	   3040	  24552	  76164	  12984	AXI_DMA_Test.elf
'Finished building: AXI_DMA_Test.elf.size'
' '
10:11:55 **** Auto Build of configuration Debug for project AXI_DMA_Test ****
make pre-build main-build 
a9-linaro-pre-build-step
' '
'Building file: ../src/main.c'
'Invoking: ARM v7 gcc compiler'
arm-none-eabi-gcc -Wall -O0 -g3 -I../../AXI_DMA_Test_bsp/ps7_cortexa9_0/include -I"E:\ACZ7020\AXI_DMA\AXI_DMA.sdk\AXI_DMA_Test\ACZ702_Lib\AXI_DMA" -I"E:\ACZ7020\AXI_DMA\AXI_DMA.sdk\AXI_DMA_Test\ACZ702_Lib\SCU" -I"E:\ACZ7020\AXI_DMA\AXI_DMA.sdk\AXI_DMA_Test\src" -c -fmessage-length=0 -MT"src/main.o" -mcpu=cortex-a9 -mfpu=vfpv3 -mfloat-abi=hard -MMD -MP -MF"src/main.d" -MT"src/main.o" -o "src/main.o" "../src/main.c"
'Finished building: ../src/main.c'
' '
'Building target: AXI_DMA_Test.elf'
'Invoking: ARM v7 gcc linker'
arm-none-eabi-gcc -mcpu=cortex-a9 -mfpu=vfpv3 -mfloat-abi=hard -Wl,-build-id=none -specs=Xilinx.spec -Wl,-T -Wl,../src/lscript.ld -L../../AXI_DMA_Test_bsp/ps7_cortexa9_0/lib -o "AXI_DMA_Test.elf"  ./src/COMMON.o ./src/ISR.o ./src/main.o  ./ACZ702_Lib/SCU/SCU_GIC.o ./ACZ702_Lib/SCU/SCU_TIMER.o  ./ACZ702_Lib/AXI_DMA/AXI_DMA.o   -Wl,--start-group,-lxil,-lgcc,-lc,--end-group
'Finished building target: AXI_DMA_Test.elf'
' '
'Invoking: ARM v7 Print Size'
arm-none-eabi-size AXI_DMA_Test.elf  |tee "AXI_DMA_Test.elf.size"
   text	   data	    bss	    dec	    hex	filename
  48572	   3040	  24552	  76164	  12984	AXI_DMA_Test.elf
'Finished building: AXI_DMA_Test.elf.size'
' '
10:11:59 **** Incremental Build of configuration Debug for project AXI_DMA_Test ****
make pre-build main-build 
a9-linaro-pre-build-step
' '
make: Nothing to be done for 'main-build'.
10:12:25 **** Auto Build of configuration Debug for project AXI_DMA_Test ****
make pre-build main-build 
a9-linaro-pre-build-step
' '
'Building file: ../src/main.c'
'Invoking: ARM v7 gcc compiler'
arm-none-eabi-gcc -Wall -O0 -g3 -I../../AXI_DMA_Test_bsp/ps7_cortexa9_0/include -I"E:\ACZ7020\AXI_DMA\AXI_DMA.sdk\AXI_DMA_Test\ACZ702_Lib\AXI_DMA" -I"E:\ACZ7020\AXI_DMA\AXI_DMA.sdk\AXI_DMA_Test\ACZ702_Lib\SCU" -I"E:\ACZ7020\AXI_DMA\AXI_DMA.sdk\AXI_DMA_Test\src" -c -fmessage-length=0 -MT"src/main.o" -mcpu=cortex-a9 -mfpu=vfpv3 -mfloat-abi=hard -MMD -MP -MF"src/main.d" -MT"src/main.o" -o "src/main.o" "../src/main.c"
'Finished building: ../src/main.c'
' '
'Building target: AXI_DMA_Test.elf'
'Invoking: ARM v7 gcc linker'
arm-none-eabi-gcc -mcpu=cortex-a9 -mfpu=vfpv3 -mfloat-abi=hard -Wl,-build-id=none -specs=Xilinx.spec -Wl,-T -Wl,../src/lscript.ld -L../../AXI_DMA_Test_bsp/ps7_cortexa9_0/lib -o "AXI_DMA_Test.elf"  ./src/COMMON.o ./src/ISR.o ./src/main.o  ./ACZ702_Lib/SCU/SCU_GIC.o ./ACZ702_Lib/SCU/SCU_TIMER.o  ./ACZ702_Lib/AXI_DMA/AXI_DMA.o   -Wl,--start-group,-lxil,-lgcc,-lc,--end-group
'Finished building target: AXI_DMA_Test.elf'
' '
'Invoking: ARM v7 Print Size'
arm-none-eabi-size AXI_DMA_Test.elf  |tee "AXI_DMA_Test.elf.size"
   text	   data	    bss	    dec	    hex	filename
  48572	   3040	  24552	  76164	  12984	AXI_DMA_Test.elf
'Finished building: AXI_DMA_Test.elf.size'
' '
10:12:29 **** Incremental Build of configuration Debug for project AXI_DMA_Test ****
make pre-build main-build 
a9-linaro-pre-build-step
' '
make: Nothing to be done for 'main-build'.
10:12:56 **** Auto Build of configuration Debug for project AXI_DMA_Test ****
make pre-build main-build 
a9-linaro-pre-build-step
' '
'Building file: ../src/main.c'
'Invoking: ARM v7 gcc compiler'
arm-none-eabi-gcc -Wall -O0 -g3 -I../../AXI_DMA_Test_bsp/ps7_cortexa9_0/include -I"E:\ACZ7020\AXI_DMA\AXI_DMA.sdk\AXI_DMA_Test\ACZ702_Lib\AXI_DMA" -I"E:\ACZ7020\AXI_DMA\AXI_DMA.sdk\AXI_DMA_Test\ACZ702_Lib\SCU" -I"E:\ACZ7020\AXI_DMA\AXI_DMA.sdk\AXI_DMA_Test\src" -c -fmessage-length=0 -MT"src/main.o" -mcpu=cortex-a9 -mfpu=vfpv3 -mfloat-abi=hard -MMD -MP -MF"src/main.d" -MT"src/main.o" -o "src/main.o" "../src/main.c"
'Finished building: ../src/main.c'
' '
'Building target: AXI_DMA_Test.elf'
'Invoking: ARM v7 gcc linker'
arm-none-eabi-gcc -mcpu=cortex-a9 -mfpu=vfpv3 -mfloat-abi=hard -Wl,-build-id=none -specs=Xilinx.spec -Wl,-T -Wl,../src/lscript.ld -L../../AXI_DMA_Test_bsp/ps7_cortexa9_0/lib -o "AXI_DMA_Test.elf"  ./src/COMMON.o ./src/ISR.o ./src/main.o  ./ACZ702_Lib/SCU/SCU_GIC.o ./ACZ702_Lib/SCU/SCU_TIMER.o  ./ACZ702_Lib/AXI_DMA/AXI_DMA.o   -Wl,--start-group,-lxil,-lgcc,-lc,--end-group
'Finished building target: AXI_DMA_Test.elf'
' '
'Invoking: ARM v7 Print Size'
arm-none-eabi-size AXI_DMA_Test.elf  |tee "AXI_DMA_Test.elf.size"
   text	   data	    bss	    dec	    hex	filename
  48572	   3040	  24552	  76164	  12984	AXI_DMA_Test.elf
'Finished building: AXI_DMA_Test.elf.size'
' '
10:12:57 **** Incremental Build of configuration Debug for project AXI_DMA_Test ****
make pre-build main-build 
a9-linaro-pre-build-step
' '
make: Nothing to be done for 'main-build'.
10:13:51 **** Incremental Build of configuration Debug for project AXI_DMA_Test ****
make pre-build main-build 
a9-linaro-pre-build-step
' '
make: Nothing to be done for 'main-build'.
10:15:37 **** Auto Build of configuration Debug for project AXI_DMA_Test ****
make pre-build main-build 
a9-linaro-pre-build-step
' '
'Building file: ../src/main.c'
'Invoking: ARM v7 gcc compiler'
arm-none-eabi-gcc -Wall -O0 -g3 -I../../AXI_DMA_Test_bsp/ps7_cortexa9_0/include -I"E:\ACZ7020\AXI_DMA\AXI_DMA.sdk\AXI_DMA_Test\ACZ702_Lib\AXI_DMA" -I"E:\ACZ7020\AXI_DMA\AXI_DMA.sdk\AXI_DMA_Test\ACZ702_Lib\SCU" -I"E:\ACZ7020\AXI_DMA\AXI_DMA.sdk\AXI_DMA_Test\src" -c -fmessage-length=0 -MT"src/main.o" -mcpu=cortex-a9 -mfpu=vfpv3 -mfloat-abi=hard -MMD -MP -MF"src/main.d" -MT"src/main.o" -o "src/main.o" "../src/main.c"
'Finished building: ../src/main.c'
' '
'Building target: AXI_DMA_Test.elf'
'Invoking: ARM v7 gcc linker'
arm-none-eabi-gcc -mcpu=cortex-a9 -mfpu=vfpv3 -mfloat-abi=hard -Wl,-build-id=none -specs=Xilinx.spec -Wl,-T -Wl,../src/lscript.ld -L../../AXI_DMA_Test_bsp/ps7_cortexa9_0/lib -o "AXI_DMA_Test.elf"  ./src/COMMON.o ./src/ISR.o ./src/main.o  ./ACZ702_Lib/SCU/SCU_GIC.o ./ACZ702_Lib/SCU/SCU_TIMER.o  ./ACZ702_Lib/AXI_DMA/AXI_DMA.o   -Wl,--start-group,-lxil,-lgcc,-lc,--end-group
'Finished building target: AXI_DMA_Test.elf'
' '
'Invoking: ARM v7 Print Size'
arm-none-eabi-size AXI_DMA_Test.elf  |tee "AXI_DMA_Test.elf.size"
   text	   data	    bss	    dec	    hex	filename
  48572	   3040	  24552	  76164	  12984	AXI_DMA_Test.elf
'Finished building: AXI_DMA_Test.elf.size'
' '
10:15:57 **** Incremental Build of configuration Debug for project AXI_DMA_Test ****
make pre-build main-build 
a9-linaro-pre-build-step
' '
make: Nothing to be done for 'main-build'.
10:20:08 **** Auto Build of configuration Debug for project AXI_DMA_Test ****
make pre-build main-build 
a9-linaro-pre-build-step
' '
'Building file: ../src/main.c'
'Invoking: ARM v7 gcc compiler'
arm-none-eabi-gcc -Wall -O0 -g3 -I../../AXI_DMA_Test_bsp/ps7_cortexa9_0/include -I"E:\ACZ7020\AXI_DMA\AXI_DMA.sdk\AXI_DMA_Test\ACZ702_Lib\AXI_DMA" -I"E:\ACZ7020\AXI_DMA\AXI_DMA.sdk\AXI_DMA_Test\ACZ702_Lib\SCU" -I"E:\ACZ7020\AXI_DMA\AXI_DMA.sdk\AXI_DMA_Test\src" -c -fmessage-length=0 -MT"src/main.o" -mcpu=cortex-a9 -mfpu=vfpv3 -mfloat-abi=hard -MMD -MP -MF"src/main.d" -MT"src/main.o" -o "src/main.o" "../src/main.c"
'Finished building: ../src/main.c'
' '
'Building target: AXI_DMA_Test.elf'
'Invoking: ARM v7 gcc linker'
arm-none-eabi-gcc -mcpu=cortex-a9 -mfpu=vfpv3 -mfloat-abi=hard -Wl,-build-id=none -specs=Xilinx.spec -Wl,-T -Wl,../src/lscript.ld -L../../AXI_DMA_Test_bsp/ps7_cortexa9_0/lib -o "AXI_DMA_Test.elf"  ./src/COMMON.o ./src/ISR.o ./src/main.o  ./ACZ702_Lib/SCU/SCU_GIC.o ./ACZ702_Lib/SCU/SCU_TIMER.o  ./ACZ702_Lib/AXI_DMA/AXI_DMA.o   -Wl,--start-group,-lxil,-lgcc,-lc,--end-group
'Finished building target: AXI_DMA_Test.elf'
' '
'Invoking: ARM v7 Print Size'
arm-none-eabi-size AXI_DMA_Test.elf  |tee "AXI_DMA_Test.elf.size"
   text	   data	    bss	    dec	    hex	filename
  48572	   3040	  24552	  76164	  12984	AXI_DMA_Test.elf
'Finished building: AXI_DMA_Test.elf.size'
' '
10:20:09 **** Incremental Build of configuration Debug for project AXI_DMA_Test ****
make pre-build main-build 
a9-linaro-pre-build-step
' '
make: Nothing to be done for 'main-build'.
10:20:28 **** Auto Build of configuration Debug for project AXI_DMA_Test ****
make pre-build main-build 
a9-linaro-pre-build-step
' '
'Building file: ../src/main.c'
'Invoking: ARM v7 gcc compiler'
arm-none-eabi-gcc -Wall -O0 -g3 -I../../AXI_DMA_Test_bsp/ps7_cortexa9_0/include -I"E:\ACZ7020\AXI_DMA\AXI_DMA.sdk\AXI_DMA_Test\ACZ702_Lib\AXI_DMA" -I"E:\ACZ7020\AXI_DMA\AXI_DMA.sdk\AXI_DMA_Test\ACZ702_Lib\SCU" -I"E:\ACZ7020\AXI_DMA\AXI_DMA.sdk\AXI_DMA_Test\src" -c -fmessage-length=0 -MT"src/main.o" -mcpu=cortex-a9 -mfpu=vfpv3 -mfloat-abi=hard -MMD -MP -MF"src/main.d" -MT"src/main.o" -o "src/main.o" "../src/main.c"
'Finished building: ../src/main.c'
' '
'Building target: AXI_DMA_Test.elf'
'Invoking: ARM v7 gcc linker'
arm-none-eabi-gcc -mcpu=cortex-a9 -mfpu=vfpv3 -mfloat-abi=hard -Wl,-build-id=none -specs=Xilinx.spec -Wl,-T -Wl,../src/lscript.ld -L../../AXI_DMA_Test_bsp/ps7_cortexa9_0/lib -o "AXI_DMA_Test.elf"  ./src/COMMON.o ./src/ISR.o ./src/main.o  ./ACZ702_Lib/SCU/SCU_GIC.o ./ACZ702_Lib/SCU/SCU_TIMER.o  ./ACZ702_Lib/AXI_DMA/AXI_DMA.o   -Wl,--start-group,-lxil,-lgcc,-lc,--end-group
'Finished building target: AXI_DMA_Test.elf'
' '
'Invoking: ARM v7 Print Size'
arm-none-eabi-size AXI_DMA_Test.elf  |tee "AXI_DMA_Test.elf.size"
   text	   data	    bss	    dec	    hex	filename
  48572	   3040	  24552	  76164	  12984	AXI_DMA_Test.elf
'Finished building: AXI_DMA_Test.elf.size'
' '
10:20:30 **** Incremental Build of configuration Debug for project AXI_DMA_Test ****
make pre-build main-build 
a9-linaro-pre-build-step
' '
make: Nothing to be done for 'main-build'.
10:21:14 **** Auto Build of configuration Debug for project AXI_DMA_Test ****
make pre-build main-build 
a9-linaro-pre-build-step
' '
'Building file: ../src/main.c'
'Invoking: ARM v7 gcc compiler'
arm-none-eabi-gcc -Wall -O0 -g3 -I../../AXI_DMA_Test_bsp/ps7_cortexa9_0/include -I"E:\ACZ7020\AXI_DMA\AXI_DMA.sdk\AXI_DMA_Test\ACZ702_Lib\AXI_DMA" -I"E:\ACZ7020\AXI_DMA\AXI_DMA.sdk\AXI_DMA_Test\ACZ702_Lib\SCU" -I"E:\ACZ7020\AXI_DMA\AXI_DMA.sdk\AXI_DMA_Test\src" -c -fmessage-length=0 -MT"src/main.o" -mcpu=cortex-a9 -mfpu=vfpv3 -mfloat-abi=hard -MMD -MP -MF"src/main.d" -MT"src/main.o" -o "src/main.o" "../src/main.c"
'Finished building: ../src/main.c'
' '
'Building target: AXI_DMA_Test.elf'
'Invoking: ARM v7 gcc linker'
arm-none-eabi-gcc -mcpu=cortex-a9 -mfpu=vfpv3 -mfloat-abi=hard -Wl,-build-id=none -specs=Xilinx.spec -Wl,-T -Wl,../src/lscript.ld -L../../AXI_DMA_Test_bsp/ps7_cortexa9_0/lib -o "AXI_DMA_Test.elf"  ./src/COMMON.o ./src/ISR.o ./src/main.o  ./ACZ702_Lib/SCU/SCU_GIC.o ./ACZ702_Lib/SCU/SCU_TIMER.o  ./ACZ702_Lib/AXI_DMA/AXI_DMA.o   -Wl,--start-group,-lxil,-lgcc,-lc,--end-group
'Finished building target: AXI_DMA_Test.elf'
' '
'Invoking: ARM v7 Print Size'
arm-none-eabi-size AXI_DMA_Test.elf  |tee "AXI_DMA_Test.elf.size"
   text	   data	    bss	    dec	    hex	filename
  48572	   3040	  24552	  76164	  12984	AXI_DMA_Test.elf
'Finished building: AXI_DMA_Test.elf.size'
' '
10:21:16 **** Incremental Build of configuration Debug for project AXI_DMA_Test ****
make pre-build main-build 
a9-linaro-pre-build-step
' '
make: Nothing to be done for 'main-build'.
10:21:39 **** Incremental Build of configuration Debug for project AXI_DMA_Test ****
make pre-build main-build 
a9-linaro-pre-build-step
' '
'Building file: ../src/main.c'
'Invoking: ARM v7 gcc compiler'
arm-none-eabi-gcc -Wall -O0 -g3 -I../../AXI_DMA_Test_bsp/ps7_cortexa9_0/include -I"E:\ACZ7020\AXI_DMA\AXI_DMA.sdk\AXI_DMA_Test\ACZ702_Lib\AXI_DMA" -I"E:\ACZ7020\AXI_DMA\AXI_DMA.sdk\AXI_DMA_Test\ACZ702_Lib\SCU" -I"E:\ACZ7020\AXI_DMA\AXI_DMA.sdk\AXI_DMA_Test\src" -c -fmessage-length=0 -MT"src/main.o" -mcpu=cortex-a9 -mfpu=vfpv3 -mfloat-abi=hard -MMD -MP -MF"src/main.d" -MT"src/main.o" -o "src/main.o" "../src/main.c"
'Finished building: ../src/main.c'
' '
'Building target: AXI_DMA_Test.elf'
'Invoking: ARM v7 gcc linker'
arm-none-eabi-gcc -mcpu=cortex-a9 -mfpu=vfpv3 -mfloat-abi=hard -Wl,-build-id=none -specs=Xilinx.spec -Wl,-T -Wl,../src/lscript.ld -L../../AXI_DMA_Test_bsp/ps7_cortexa9_0/lib -o "AXI_DMA_Test.elf"  ./src/COMMON.o ./src/ISR.o ./src/main.o  ./ACZ702_Lib/SCU/SCU_GIC.o ./ACZ702_Lib/SCU/SCU_TIMER.o  ./ACZ702_Lib/AXI_DMA/AXI_DMA.o   -Wl,--start-group,-lxil,-lgcc,-lc,--end-group
'Finished building target: AXI_DMA_Test.elf'
' '
'Invoking: ARM v7 Print Size'
arm-none-eabi-size AXI_DMA_Test.elf  |tee "AXI_DMA_Test.elf.size"
   text	   data	    bss	    dec	    hex	filename
  48636	   3040	  24552	  76228	  129c4	AXI_DMA_Test.elf
'Finished building: AXI_DMA_Test.elf.size'
' '
10:22:34 **** Incremental Build of configuration Debug for project AXI_DMA_Test ****
make pre-build main-build 
a9-linaro-pre-build-step
' '
make: Nothing to be done for 'main-build'.
10:23:56 **** Auto Build of configuration Debug for project AXI_DMA_Test ****
make pre-build main-build 
a9-linaro-pre-build-step
' '
'Building file: ../src/main.c'
'Invoking: ARM v7 gcc compiler'
arm-none-eabi-gcc -Wall -O0 -g3 -I../../AXI_DMA_Test_bsp/ps7_cortexa9_0/include -I"E:\ACZ7020\AXI_DMA\AXI_DMA.sdk\AXI_DMA_Test\ACZ702_Lib\AXI_DMA" -I"E:\ACZ7020\AXI_DMA\AXI_DMA.sdk\AXI_DMA_Test\ACZ702_Lib\SCU" -I"E:\ACZ7020\AXI_DMA\AXI_DMA.sdk\AXI_DMA_Test\src" -c -fmessage-length=0 -MT"src/main.o" -mcpu=cortex-a9 -mfpu=vfpv3 -mfloat-abi=hard -MMD -MP -MF"src/main.d" -MT"src/main.o" -o "src/main.o" "../src/main.c"
'Finished building: ../src/main.c'
' '
'Building target: AXI_DMA_Test.elf'
'Invoking: ARM v7 gcc linker'
arm-none-eabi-gcc -mcpu=cortex-a9 -mfpu=vfpv3 -mfloat-abi=hard -Wl,-build-id=none -specs=Xilinx.spec -Wl,-T -Wl,../src/lscript.ld -L../../AXI_DMA_Test_bsp/ps7_cortexa9_0/lib -o "AXI_DMA_Test.elf"  ./src/COMMON.o ./src/ISR.o ./src/main.o  ./ACZ702_Lib/SCU/SCU_GIC.o ./ACZ702_Lib/SCU/SCU_TIMER.o  ./ACZ702_Lib/AXI_DMA/AXI_DMA.o   -Wl,--start-group,-lxil,-lgcc,-lc,--end-group
'Finished building target: AXI_DMA_Test.elf'
' '
'Invoking: ARM v7 Print Size'
arm-none-eabi-size AXI_DMA_Test.elf  |tee "AXI_DMA_Test.elf.size"
   text	   data	    bss	    dec	    hex	filename
  48572	   3040	  24552	  76164	  12984	AXI_DMA_Test.elf
'Finished building: AXI_DMA_Test.elf.size'
' '
10:24:00 **** Incremental Build of configuration Debug for project AXI_DMA_Test ****
make pre-build main-build 
a9-linaro-pre-build-step
' '
make: Nothing to be done for 'main-build'.
10:24:33 **** Auto Build of configuration Debug for project AXI_DMA_Test ****
make pre-build main-build 
a9-linaro-pre-build-step
' '
'Building file: ../src/main.c'
'Invoking: ARM v7 gcc compiler'
arm-none-eabi-gcc -Wall -O0 -g3 -I../../AXI_DMA_Test_bsp/ps7_cortexa9_0/include -I"E:\ACZ7020\AXI_DMA\AXI_DMA.sdk\AXI_DMA_Test\ACZ702_Lib\AXI_DMA" -I"E:\ACZ7020\AXI_DMA\AXI_DMA.sdk\AXI_DMA_Test\ACZ702_Lib\SCU" -I"E:\ACZ7020\AXI_DMA\AXI_DMA.sdk\AXI_DMA_Test\src" -c -fmessage-length=0 -MT"src/main.o" -mcpu=cortex-a9 -mfpu=vfpv3 -mfloat-abi=hard -MMD -MP -MF"src/main.d" -MT"src/main.o" -o "src/main.o" "../src/main.c"
'Finished building: ../src/main.c'
' '
'Building target: AXI_DMA_Test.elf'
'Invoking: ARM v7 gcc linker'
arm-none-eabi-gcc -mcpu=cortex-a9 -mfpu=vfpv3 -mfloat-abi=hard -Wl,-build-id=none -specs=Xilinx.spec -Wl,-T -Wl,../src/lscript.ld -L../../AXI_DMA_Test_bsp/ps7_cortexa9_0/lib -o "AXI_DMA_Test.elf"  ./src/COMMON.o ./src/ISR.o ./src/main.o  ./ACZ702_Lib/SCU/SCU_GIC.o ./ACZ702_Lib/SCU/SCU_TIMER.o  ./ACZ702_Lib/AXI_DMA/AXI_DMA.o   -Wl,--start-group,-lxil,-lgcc,-lc,--end-group
'Finished building target: AXI_DMA_Test.elf'
' '
'Invoking: ARM v7 Print Size'
arm-none-eabi-size AXI_DMA_Test.elf  |tee "AXI_DMA_Test.elf.size"
   text	   data	    bss	    dec	    hex	filename
  48572	   3040	  24552	  76164	  12984	AXI_DMA_Test.elf
'Finished building: AXI_DMA_Test.elf.size'
' '
10:24:35 **** Incremental Build of configuration Debug for project AXI_DMA_Test ****
make pre-build main-build 
a9-linaro-pre-build-step
' '
make: Nothing to be done for 'main-build'.
10:25:09 **** Auto Build of configuration Debug for project AXI_DMA_Test ****
make pre-build main-build 
a9-linaro-pre-build-step
' '
'Building file: ../src/main.c'
'Invoking: ARM v7 gcc compiler'
arm-none-eabi-gcc -Wall -O0 -g3 -I../../AXI_DMA_Test_bsp/ps7_cortexa9_0/include -I"E:\ACZ7020\AXI_DMA\AXI_DMA.sdk\AXI_DMA_Test\ACZ702_Lib\AXI_DMA" -I"E:\ACZ7020\AXI_DMA\AXI_DMA.sdk\AXI_DMA_Test\ACZ702_Lib\SCU" -I"E:\ACZ7020\AXI_DMA\AXI_DMA.sdk\AXI_DMA_Test\src" -c -fmessage-length=0 -MT"src/main.o" -mcpu=cortex-a9 -mfpu=vfpv3 -mfloat-abi=hard -MMD -MP -MF"src/main.d" -MT"src/main.o" -o "src/main.o" "../src/main.c"
'Finished building: ../src/main.c'
' '
'Building target: AXI_DMA_Test.elf'
'Invoking: ARM v7 gcc linker'
arm-none-eabi-gcc -mcpu=cortex-a9 -mfpu=vfpv3 -mfloat-abi=hard -Wl,-build-id=none -specs=Xilinx.spec -Wl,-T -Wl,../src/lscript.ld -L../../AXI_DMA_Test_bsp/ps7_cortexa9_0/lib -o "AXI_DMA_Test.elf"  ./src/COMMON.o ./src/ISR.o ./src/main.o  ./ACZ702_Lib/SCU/SCU_GIC.o ./ACZ702_Lib/SCU/SCU_TIMER.o  ./ACZ702_Lib/AXI_DMA/AXI_DMA.o   -Wl,--start-group,-lxil,-lgcc,-lc,--end-group
'Finished building target: AXI_DMA_Test.elf'
' '
'Invoking: ARM v7 Print Size'
arm-none-eabi-size AXI_DMA_Test.elf  |tee "AXI_DMA_Test.elf.size"
   text	   data	    bss	    dec	    hex	filename
  48572	   3040	  24552	  76164	  12984	AXI_DMA_Test.elf
'Finished building: AXI_DMA_Test.elf.size'
' '
10:25:41 **** Incremental Build of configuration Debug for project AXI_DMA_Test ****
make pre-build main-build 
a9-linaro-pre-build-step
' '
make: Nothing to be done for 'main-build'.
10:26:21 **** Auto Build of configuration Debug for project AXI_DMA_Test ****
make pre-build main-build 
a9-linaro-pre-build-step
' '
'Building file: ../src/main.c'
'Invoking: ARM v7 gcc compiler'
arm-none-eabi-gcc -Wall -O0 -g3 -I../../AXI_DMA_Test_bsp/ps7_cortexa9_0/include -I"E:\ACZ7020\AXI_DMA\AXI_DMA.sdk\AXI_DMA_Test\ACZ702_Lib\AXI_DMA" -I"E:\ACZ7020\AXI_DMA\AXI_DMA.sdk\AXI_DMA_Test\ACZ702_Lib\SCU" -I"E:\ACZ7020\AXI_DMA\AXI_DMA.sdk\AXI_DMA_Test\src" -c -fmessage-length=0 -MT"src/main.o" -mcpu=cortex-a9 -mfpu=vfpv3 -mfloat-abi=hard -MMD -MP -MF"src/main.d" -MT"src/main.o" -o "src/main.o" "../src/main.c"
'Finished building: ../src/main.c'
' '
'Building target: AXI_DMA_Test.elf'
'Invoking: ARM v7 gcc linker'
arm-none-eabi-gcc -mcpu=cortex-a9 -mfpu=vfpv3 -mfloat-abi=hard -Wl,-build-id=none -specs=Xilinx.spec -Wl,-T -Wl,../src/lscript.ld -L../../AXI_DMA_Test_bsp/ps7_cortexa9_0/lib -o "AXI_DMA_Test.elf"  ./src/COMMON.o ./src/ISR.o ./src/main.o  ./ACZ702_Lib/SCU/SCU_GIC.o ./ACZ702_Lib/SCU/SCU_TIMER.o  ./ACZ702_Lib/AXI_DMA/AXI_DMA.o   -Wl,--start-group,-lxil,-lgcc,-lc,--end-group
'Finished building target: AXI_DMA_Test.elf'
' '
'Invoking: ARM v7 Print Size'
arm-none-eabi-size AXI_DMA_Test.elf  |tee "AXI_DMA_Test.elf.size"
   text	   data	    bss	    dec	    hex	filename
  48572	   3040	  24552	  76164	  12984	AXI_DMA_Test.elf
'Finished building: AXI_DMA_Test.elf.size'
' '
10:26:26 **** Incremental Build of configuration Debug for project AXI_DMA_Test ****
make pre-build main-build 
a9-linaro-pre-build-step
' '
make: Nothing to be done for 'main-build'.
10:26:43 **** Auto Build of configuration Debug for project AXI_DMA_Test ****
make pre-build main-build 
a9-linaro-pre-build-step
' '
'Building file: ../src/main.c'
'Invoking: ARM v7 gcc compiler'
arm-none-eabi-gcc -Wall -O0 -g3 -I../../AXI_DMA_Test_bsp/ps7_cortexa9_0/include -I"E:\ACZ7020\AXI_DMA\AXI_DMA.sdk\AXI_DMA_Test\ACZ702_Lib\AXI_DMA" -I"E:\ACZ7020\AXI_DMA\AXI_DMA.sdk\AXI_DMA_Test\ACZ702_Lib\SCU" -I"E:\ACZ7020\AXI_DMA\AXI_DMA.sdk\AXI_DMA_Test\src" -c -fmessage-length=0 -MT"src/main.o" -mcpu=cortex-a9 -mfpu=vfpv3 -mfloat-abi=hard -MMD -MP -MF"src/main.d" -MT"src/main.o" -o "src/main.o" "../src/main.c"
'Finished building: ../src/main.c'
' '
'Building target: AXI_DMA_Test.elf'
'Invoking: ARM v7 gcc linker'
arm-none-eabi-gcc -mcpu=cortex-a9 -mfpu=vfpv3 -mfloat-abi=hard -Wl,-build-id=none -specs=Xilinx.spec -Wl,-T -Wl,../src/lscript.ld -L../../AXI_DMA_Test_bsp/ps7_cortexa9_0/lib -o "AXI_DMA_Test.elf"  ./src/COMMON.o ./src/ISR.o ./src/main.o  ./ACZ702_Lib/SCU/SCU_GIC.o ./ACZ702_Lib/SCU/SCU_TIMER.o  ./ACZ702_Lib/AXI_DMA/AXI_DMA.o   -Wl,--start-group,-lxil,-lgcc,-lc,--end-group
'Finished building target: AXI_DMA_Test.elf'
' '
'Invoking: ARM v7 Print Size'
arm-none-eabi-size AXI_DMA_Test.elf  |tee "AXI_DMA_Test.elf.size"
   text	   data	    bss	    dec	    hex	filename
  48572	   3040	  24552	  76164	  12984	AXI_DMA_Test.elf
'Finished building: AXI_DMA_Test.elf.size'
' '
10:26:46 **** Incremental Build of configuration Debug for project AXI_DMA_Test ****
make pre-build main-build 
a9-linaro-pre-build-step
' '
make: Nothing to be done for 'main-build'.
10:27:00 **** Auto Build of configuration Debug for project AXI_DMA_Test ****
make pre-build main-build 
a9-linaro-pre-build-step
' '
'Building file: ../src/main.c'
'Invoking: ARM v7 gcc compiler'
arm-none-eabi-gcc -Wall -O0 -g3 -I../../AXI_DMA_Test_bsp/ps7_cortexa9_0/include -I"E:\ACZ7020\AXI_DMA\AXI_DMA.sdk\AXI_DMA_Test\ACZ702_Lib\AXI_DMA" -I"E:\ACZ7020\AXI_DMA\AXI_DMA.sdk\AXI_DMA_Test\ACZ702_Lib\SCU" -I"E:\ACZ7020\AXI_DMA\AXI_DMA.sdk\AXI_DMA_Test\src" -c -fmessage-length=0 -MT"src/main.o" -mcpu=cortex-a9 -mfpu=vfpv3 -mfloat-abi=hard -MMD -MP -MF"src/main.d" -MT"src/main.o" -o "src/main.o" "../src/main.c"
'Finished building: ../src/main.c'
' '
'Building target: AXI_DMA_Test.elf'
'Invoking: ARM v7 gcc linker'
arm-none-eabi-gcc -mcpu=cortex-a9 -mfpu=vfpv3 -mfloat-abi=hard -Wl,-build-id=none -specs=Xilinx.spec -Wl,-T -Wl,../src/lscript.ld -L../../AXI_DMA_Test_bsp/ps7_cortexa9_0/lib -o "AXI_DMA_Test.elf"  ./src/COMMON.o ./src/ISR.o ./src/main.o  ./ACZ702_Lib/SCU/SCU_GIC.o ./ACZ702_Lib/SCU/SCU_TIMER.o  ./ACZ702_Lib/AXI_DMA/AXI_DMA.o   -Wl,--start-group,-lxil,-lgcc,-lc,--end-group
'Finished building target: AXI_DMA_Test.elf'
' '
'Invoking: ARM v7 Print Size'
arm-none-eabi-size AXI_DMA_Test.elf  |tee "AXI_DMA_Test.elf.size"
   text	   data	    bss	    dec	    hex	filename
  48572	   3040	  24552	  76164	  12984	AXI_DMA_Test.elf
'Finished building: AXI_DMA_Test.elf.size'
' '
10:28:49 **** Auto Build of configuration Debug for project AXI_DMA_Test ****
make pre-build main-build 
a9-linaro-pre-build-step
' '
'Building file: ../src/main.c'
'Invoking: ARM v7 gcc compiler'
arm-none-eabi-gcc -Wall -O0 -g3 -I../../AXI_DMA_Test_bsp/ps7_cortexa9_0/include -I"E:\ACZ7020\AXI_DMA\AXI_DMA.sdk\AXI_DMA_Test\ACZ702_Lib\AXI_DMA" -I"E:\ACZ7020\AXI_DMA\AXI_DMA.sdk\AXI_DMA_Test\ACZ702_Lib\SCU" -I"E:\ACZ7020\AXI_DMA\AXI_DMA.sdk\AXI_DMA_Test\src" -c -fmessage-length=0 -MT"src/main.o" -mcpu=cortex-a9 -mfpu=vfpv3 -mfloat-abi=hard -MMD -MP -MF"src/main.d" -MT"src/main.o" -o "src/main.o" "../src/main.c"
'Finished building: ../src/main.c'
' '
'Building target: AXI_DMA_Test.elf'
'Invoking: ARM v7 gcc linker'
arm-none-eabi-gcc -mcpu=cortex-a9 -mfpu=vfpv3 -mfloat-abi=hard -Wl,-build-id=none -specs=Xilinx.spec -Wl,-T -Wl,../src/lscript.ld -L../../AXI_DMA_Test_bsp/ps7_cortexa9_0/lib -o "AXI_DMA_Test.elf"  ./src/COMMON.o ./src/ISR.o ./src/main.o  ./ACZ702_Lib/SCU/SCU_GIC.o ./ACZ702_Lib/SCU/SCU_TIMER.o  ./ACZ702_Lib/AXI_DMA/AXI_DMA.o   -Wl,--start-group,-lxil,-lgcc,-lc,--end-group
'Finished building target: AXI_DMA_Test.elf'
' '
'Invoking: ARM v7 Print Size'
arm-none-eabi-size AXI_DMA_Test.elf  |tee "AXI_DMA_Test.elf.size"
   text	   data	    bss	    dec	    hex	filename
  48572	   3040	  24552	  76164	  12984	AXI_DMA_Test.elf
'Finished building: AXI_DMA_Test.elf.size'
' '
10:29:43 **** Auto Build of configuration Debug for project AXI_DMA_Test ****
make pre-build main-build 
a9-linaro-pre-build-step
' '
'Building file: ../src/main.c'
'Invoking: ARM v7 gcc compiler'
arm-none-eabi-gcc -Wall -O0 -g3 -I../../AXI_DMA_Test_bsp/ps7_cortexa9_0/include -I"E:\ACZ7020\AXI_DMA\AXI_DMA.sdk\AXI_DMA_Test\ACZ702_Lib\AXI_DMA" -I"E:\ACZ7020\AXI_DMA\AXI_DMA.sdk\AXI_DMA_Test\ACZ702_Lib\SCU" -I"E:\ACZ7020\AXI_DMA\AXI_DMA.sdk\AXI_DMA_Test\src" -c -fmessage-length=0 -MT"src/main.o" -mcpu=cortex-a9 -mfpu=vfpv3 -mfloat-abi=hard -MMD -MP -MF"src/main.d" -MT"src/main.o" -o "src/main.o" "../src/main.c"
'Finished building: ../src/main.c'
' '
'Building target: AXI_DMA_Test.elf'
'Invoking: ARM v7 gcc linker'
arm-none-eabi-gcc -mcpu=cortex-a9 -mfpu=vfpv3 -mfloat-abi=hard -Wl,-build-id=none -specs=Xilinx.spec -Wl,-T -Wl,../src/lscript.ld -L../../AXI_DMA_Test_bsp/ps7_cortexa9_0/lib -o "AXI_DMA_Test.elf"  ./src/COMMON.o ./src/ISR.o ./src/main.o  ./ACZ702_Lib/SCU/SCU_GIC.o ./ACZ702_Lib/SCU/SCU_TIMER.o  ./ACZ702_Lib/AXI_DMA/AXI_DMA.o   -Wl,--start-group,-lxil,-lgcc,-lc,--end-group
'Finished building target: AXI_DMA_Test.elf'
' '
'Invoking: ARM v7 Print Size'
arm-none-eabi-size AXI_DMA_Test.elf  |tee "AXI_DMA_Test.elf.size"
   text	   data	    bss	    dec	    hex	filename
  48572	   3040	  24552	  76164	  12984	AXI_DMA_Test.elf
'Finished building: AXI_DMA_Test.elf.size'
' '
10:31:52 **** Incremental Build of configuration Debug for project AXI_DMA_Test ****
make pre-build main-build 
a9-linaro-pre-build-step
' '
'Building file: ../src/COMMON.c'
'Invoking: ARM v7 gcc compiler'
arm-none-eabi-gcc -Wall -O0 -g3 -I../../AXI_DMA_Test_bsp/ps7_cortexa9_0/include -I"E:\ACZ7020\AXI_DMA\AXI_DMA.sdk\AXI_DMA_Test\ACZ702_Lib\AXI_DMA" -I"E:\ACZ7020\AXI_DMA\AXI_DMA.sdk\AXI_DMA_Test\ACZ702_Lib\SCU" -I"E:\ACZ7020\AXI_DMA\AXI_DMA.sdk\AXI_DMA_Test\src" -c -fmessage-length=0 -MT"src/COMMON.o" -mcpu=cortex-a9 -mfpu=vfpv3 -mfloat-abi=hard -MMD -MP -MF"src/COMMON.d" -MT"src/COMMON.o" -o "src/COMMON.o" "../src/COMMON.c"
In file included from ../src/COMMON.c:14:0:
../src/COMMON.h:13:10: fatal error: xil_types.h: No such file or directory
 #include "xil_types.h"
          ^~~~~~~~~~~~~
compilation terminated.
make: *** [src/subdir.mk:29: src/COMMON.o] Error 1
10:32:06 **** Auto Build of project AXI_DMA_Test_bsp ****
make -k all 
"Running Make include in ps7_cortexa9_0/libsrc/axidma_v9_8/src"
make -C ps7_cortexa9_0/libsrc/axidma_v9_8/src -s include  "SHELL=CMD" "COMPILER=arm-none-eabi-gcc" "ARCHIVER=arm-none-eabi-ar" "COMPILER_FLAGS=  -O2 -c" "EXTRA_COMPILER_FLAGS=-mcpu=cortex-a9 -mfpu=vfpv3 -mfloat-abi=hard -nostartfiles -g -Wall -Wextra"
"Running Make include in ps7_cortexa9_0/libsrc/coresightps_dcc_v1_4/src"
make -C ps7_cortexa9_0/libsrc/coresightps_dcc_v1_4/src -s include  "SHELL=CMD" "COMPILER=arm-none-eabi-gcc" "ARCHIVER=arm-none-eabi-ar" "COMPILER_FLAGS=  -O2 -c" "EXTRA_COMPILER_FLAGS=-mcpu=cortex-a9 -mfpu=vfpv3 -mfloat-abi=hard -nostartfiles -g -Wall -Wextra"
"Running Make include in ps7_cortexa9_0/libsrc/cpu_cortexa9_v2_7/src"
make -C ps7_cortexa9_0/libsrc/cpu_cortexa9_v2_7/src -s include  "SHELL=CMD" "COMPILER=arm-none-eabi-gcc" "ARCHIVER=arm-none-eabi-ar" "COMPILER_FLAGS=  -O2 -c" "EXTRA_COMPILER_FLAGS=-mcpu=cortex-a9 -mfpu=vfpv3 -mfloat-abi=hard -nostartfiles -g -Wall -Wextra"
"Running Make include in ps7_cortexa9_0/libsrc/ddrps_v1_0/src"
make -C ps7_cortexa9_0/libsrc/ddrps_v1_0/src -s include  "SHELL=CMD" "COMPILER=arm-none-eabi-gcc" "ARCHIVER=arm-none-eabi-ar" "COMPILER_FLAGS=  -O2 -c" "EXTRA_COMPILER_FLAGS=-mcpu=cortex-a9 -mfpu=vfpv3 -mfloat-abi=hard -nostartfiles -g -Wall -Wextra"
"Running Make include in ps7_cortexa9_0/libsrc/devcfg_v3_5/src"
make -C ps7_cortexa9_0/libsrc/devcfg_v3_5/src -s include  "SHELL=CMD" "COMPILER=arm-none-eabi-gcc" "ARCHIVER=arm-none-eabi-ar" "COMPILER_FLAGS=  -O2 -c" "EXTRA_COMPILER_FLAGS=-mcpu=cortex-a9 -mfpu=vfpv3 -mfloat-abi=hard -nostartfiles -g -Wall -Wextra"
"Running Make include in ps7_cortexa9_0/libsrc/dmaps_v2_4/src"
make -C ps7_cortexa9_0/libsrc/dmaps_v2_4/src -s include  "SHELL=CMD" "COMPILER=arm-none-eabi-gcc" "ARCHIVER=arm-none-eabi-ar" "COMPILER_FLAGS=  -O2 -c" "EXTRA_COMPILER_FLAGS=-mcpu=cortex-a9 -mfpu=vfpv3 -mfloat-abi=hard -nostartfiles -g -Wall -Wextra"
"Running Make include in ps7_cortexa9_0/libsrc/scugic_v3_10/src"
make -C ps7_cortexa9_0/libsrc/scugic_v3_10/src -s include  "SHELL=CMD" "COMPILER=arm-none-eabi-gcc" "ARCHIVER=arm-none-eabi-ar" "COMPILER_FLAGS=  -O2 -c" "EXTRA_COMPILER_FLAGS=-mcpu=cortex-a9 -mfpu=vfpv3 -mfloat-abi=hard -nostartfiles -g -Wall -Wextra"
"Running Make include in ps7_cortexa9_0/libsrc/scutimer_v2_1/src"
make -C ps7_cortexa9_0/libsrc/scutimer_v2_1/src -s include  "SHELL=CMD" "COMPILER=arm-none-eabi-gcc" "ARCHIVER=arm-none-eabi-ar" "COMPILER_FLAGS=  -O2 -c" "EXTRA_COMPILER_FLAGS=-mcpu=cortex-a9 -mfpu=vfpv3 -mfloat-abi=hard -nostartfiles -g -Wall -Wextra"
"Running Make include in ps7_cortexa9_0/libsrc/scuwdt_v2_1/src"
make -C ps7_cortexa9_0/libsrc/scuwdt_v2_1/src -s include  "SHELL=CMD" "COMPILER=arm-none-eabi-gcc" "ARCHIVER=arm-none-eabi-ar" "COMPILER_FLAGS=  -O2 -c" "EXTRA_COMPILER_FLAGS=-mcpu=cortex-a9 -mfpu=vfpv3 -mfloat-abi=hard -nostartfiles -g -Wall -Wextra"
"Running Make include in ps7_cortexa9_0/libsrc/standalone_v6_8/src"
make -C ps7_cortexa9_0/libsrc/standalone_v6_8/src -s include  "SHELL=CMD" "COMPILER=arm-none-eabi-gcc" "ARCHIVER=arm-none-eabi-ar" "COMPILER_FLAGS=  -O2 -c" "EXTRA_COMPILER_FLAGS=-mcpu=cortex-a9 -mfpu=vfpv3 -mfloat-abi=hard -nostartfiles -g -Wall -Wextra"
"Running Make include in ps7_cortexa9_0/libsrc/uartps_v3_7/src"
make -C ps7_cortexa9_0/libsrc/uartps_v3_7/src -s include  "SHELL=CMD" "COMPILER=arm-none-eabi-gcc" "ARCHIVER=arm-none-eabi-ar" "COMPILER_FLAGS=  -O2 -c" "EXTRA_COMPILER_FLAGS=-mcpu=cortex-a9 -mfpu=vfpv3 -mfloat-abi=hard -nostartfiles -g -Wall -Wextra"
"Running Make include in ps7_cortexa9_0/libsrc/xadcps_v2_3/src"
make -C ps7_cortexa9_0/libsrc/xadcps_v2_3/src -s include  "SHELL=CMD" "COMPILER=arm-none-eabi-gcc" "ARCHIVER=arm-none-eabi-ar" "COMPILER_FLAGS=  -O2 -c" "EXTRA_COMPILER_FLAGS=-mcpu=cortex-a9 -mfpu=vfpv3 -mfloat-abi=hard -nostartfiles -g -Wall -Wextra"
"Running Make libs in ps7_cortexa9_0/libsrc/axidma_v9_8/src"
make -C ps7_cortexa9_0/libsrc/axidma_v9_8/src -s libs  "SHELL=CMD" "COMPILER=arm-none-eabi-gcc" "ARCHIVER=arm-none-eabi-ar" "COMPILER_FLAGS=  -O2 -c" "EXTRA_COMPILER_FLAGS=-mcpu=cortex-a9 -mfpu=vfpv3 -mfloat-abi=hard -nostartfiles -g -Wall -Wextra"
"Compiling axidma"
arm-none-eabi-ar: creating ../../../lib/libxil.a
"Running Make libs in ps7_cortexa9_0/libsrc/coresightps_dcc_v1_4/src"
make -C ps7_cortexa9_0/libsrc/coresightps_dcc_v1_4/src -s libs  "SHELL=CMD" "COMPILER=arm-none-eabi-gcc" "ARCHIVER=arm-none-eabi-ar" "COMPILER_FLAGS=  -O2 -c" "EXTRA_COMPILER_FLAGS=-mcpu=cortex-a9 -mfpu=vfpv3 -mfloat-abi=hard -nostartfiles -g -Wall -Wextra"
"Compiling coresightps_dcc"
"Running Make libs in ps7_cortexa9_0/libsrc/cpu_cortexa9_v2_7/src"
make -C ps7_cortexa9_0/libsrc/cpu_cortexa9_v2_7/src -s libs  "SHELL=CMD" "COMPILER=arm-none-eabi-gcc" "ARCHIVER=arm-none-eabi-ar" "COMPILER_FLAGS=  -O2 -c" "EXTRA_COMPILER_FLAGS=-mcpu=cortex-a9 -mfpu=vfpv3 -mfloat-abi=hard -nostartfiles -g -Wall -Wextra"
"Compiling cpu_cortexa9"
"Running Make libs in ps7_cortexa9_0/libsrc/ddrps_v1_0/src"
make -C ps7_cortexa9_0/libsrc/ddrps_v1_0/src -s libs  "SHELL=CMD" "COMPILER=arm-none-eabi-gcc" "ARCHIVER=arm-none-eabi-ar" "COMPILER_FLAGS=  -O2 -c" "EXTRA_COMPILER_FLAGS=-mcpu=cortex-a9 -mfpu=vfpv3 -mfloat-abi=hard -nostartfiles -g -Wall -Wextra"
"Compiling ddrps"
"Running Make libs in ps7_cortexa9_0/libsrc/devcfg_v3_5/src"
make -C ps7_cortexa9_0/libsrc/devcfg_v3_5/src -s libs  "SHELL=CMD" "COMPILER=arm-none-eabi-gcc" "ARCHIVER=arm-none-eabi-ar" "COMPILER_FLAGS=  -O2 -c" "EXTRA_COMPILER_FLAGS=-mcpu=cortex-a9 -mfpu=vfpv3 -mfloat-abi=hard -nostartfiles -g -Wall -Wextra"
"Compiling devcfg"
"Running Make libs in ps7_cortexa9_0/libsrc/dmaps_v2_4/src"
make -C ps7_cortexa9_0/libsrc/dmaps_v2_4/src -s libs  "SHELL=CMD" "COMPILER=arm-none-eabi-gcc" "ARCHIVER=arm-none-eabi-ar" "COMPILER_FLAGS=  -O2 -c" "EXTRA_COMPILER_FLAGS=-mcpu=cortex-a9 -mfpu=vfpv3 -mfloat-abi=hard -nostartfiles -g -Wall -Wextra"
"Compiling dmaps"
"Running Make libs in ps7_cortexa9_0/libsrc/scugic_v3_10/src"
make -C ps7_cortexa9_0/libsrc/scugic_v3_10/src -s libs  "SHELL=CMD" "COMPILER=arm-none-eabi-gcc" "ARCHIVER=arm-none-eabi-ar" "COMPILER_FLAGS=  -O2 -c" "EXTRA_COMPILER_FLAGS=-mcpu=cortex-a9 -mfpu=vfpv3 -mfloat-abi=hard -nostartfiles -g -Wall -Wextra"
"Compiling scugic"
"Running Make libs in ps7_cortexa9_0/libsrc/scutimer_v2_1/src"
make -C ps7_cortexa9_0/libsrc/scutimer_v2_1/src -s libs  "SHELL=CMD" "COMPILER=arm-none-eabi-gcc" "ARCHIVER=arm-none-eabi-ar" "COMPILER_FLAGS=  -O2 -c" "EXTRA_COMPILER_FLAGS=-mcpu=cortex-a9 -mfpu=vfpv3 -mfloat-abi=hard -nostartfiles -g -Wall -Wextra"
"Compiling scutimer"
"Running Make libs in ps7_cortexa9_0/libsrc/scuwdt_v2_1/src"
make -C ps7_cortexa9_0/libsrc/scuwdt_v2_1/src -s libs  "SHELL=CMD" "COMPILER=arm-none-eabi-gcc" "ARCHIVER=arm-none-eabi-ar" "COMPILER_FLAGS=  -O2 -c" "EXTRA_COMPILER_FLAGS=-mcpu=cortex-a9 -mfpu=vfpv3 -mfloat-abi=hard -nostartfiles -g -Wall -Wextra"
"Compiling scuwdt"
"Running Make libs in ps7_cortexa9_0/libsrc/standalone_v6_8/src"
make -C ps7_cortexa9_0/libsrc/standalone_v6_8/src -s libs  "SHELL=CMD" "COMPILER=arm-none-eabi-gcc" "ARCHIVER=arm-none-eabi-ar" "COMPILER_FLAGS=  -O2 -c" "EXTRA_COMPILER_FLAGS=-mcpu=cortex-a9 -mfpu=vfpv3 -mfloat-abi=hard -nostartfiles -g -Wall -Wextra"
"Compiling standalone"
In file included from usleep.c:56:0:
xtime_l.h:87:9: note: #pragma message: For the sleep routines, Global timer is being used
 #pragma message ("For the sleep routines, Global timer is being used")
         ^~~~~~~
In file included from xil_sleeptimer.c:51:0:
xtime_l.h:87:9: note: #pragma message: For the sleep routines, Global timer is being used
 #pragma message ("For the sleep routines, Global timer is being used")
         ^~~~~~~
In file included from xtime_l.c:49:0:
xtime_l.h:87:9: note: #pragma message: For the sleep routines, Global timer is being used
 #pragma message ("For the sleep routines, Global timer is being used")
         ^~~~~~~
In file included from sleep.c:53:0:
xtime_l.h:87:9: note: #pragma message: For the sleep routines, Global timer is being used
 #pragma message ("For the sleep routines, Global timer is being used")
         ^~~~~~~
"Running Make libs in ps7_cortexa9_0/libsrc/uartps_v3_7/src"
make -C ps7_cortexa9_0/libsrc/uartps_v3_7/src -s libs  "SHELL=CMD" "COMPILER=arm-none-eabi-gcc" "ARCHIVER=arm-none-eabi-ar" "COMPILER_FLAGS=  -O2 -c" "EXTRA_COMPILER_FLAGS=-mcpu=cortex-a9 -mfpu=vfpv3 -mfloat-abi=hard -nostartfiles -g -Wall -Wextra"
"Compiling uartps"
"Running Make libs in ps7_cortexa9_0/libsrc/xadcps_v2_3/src"
make -C ps7_cortexa9_0/libsrc/xadcps_v2_3/src -s libs  "SHELL=CMD" "COMPILER=arm-none-eabi-gcc" "ARCHIVER=arm-none-eabi-ar" "COMPILER_FLAGS=  -O2 -c" "EXTRA_COMPILER_FLAGS=-mcpu=cortex-a9 -mfpu=vfpv3 -mfloat-abi=hard -nostartfiles -g -Wall -Wextra"
"Compiling xadcps"
'Finished building libraries'
10:32:16 **** Auto Build of configuration Debug for project AXI_DMA_Test ****
make pre-build main-build 
a9-linaro-pre-build-step
' '
'Building file: ../src/COMMON.c'
'Invoking: ARM v7 gcc compiler'
arm-none-eabi-gcc -Wall -O0 -g3 -I../../AXI_DMA_Test_bsp/ps7_cortexa9_0/include -I"E:\ACZ7020\AXI_DMA\AXI_DMA.sdk\AXI_DMA_Test\ACZ702_Lib\AXI_DMA" -I"E:\ACZ7020\AXI_DMA\AXI_DMA.sdk\AXI_DMA_Test\ACZ702_Lib\SCU" -I"E:\ACZ7020\AXI_DMA\AXI_DMA.sdk\AXI_DMA_Test\src" -c -fmessage-length=0 -MT"src/COMMON.o" -mcpu=cortex-a9 -mfpu=vfpv3 -mfloat-abi=hard -MMD -MP -MF"src/COMMON.d" -MT"src/COMMON.o" -o "src/COMMON.o" "../src/COMMON.c"
'Finished building: ../src/COMMON.c'
' '
'Building file: ../src/ISR.c'
'Invoking: ARM v7 gcc compiler'
arm-none-eabi-gcc -Wall -O0 -g3 -I../../AXI_DMA_Test_bsp/ps7_cortexa9_0/include -I"E:\ACZ7020\AXI_DMA\AXI_DMA.sdk\AXI_DMA_Test\ACZ702_Lib\AXI_DMA" -I"E:\ACZ7020\AXI_DMA\AXI_DMA.sdk\AXI_DMA_Test\ACZ702_Lib\SCU" -I"E:\ACZ7020\AXI_DMA\AXI_DMA.sdk\AXI_DMA_Test\src" -c -fmessage-length=0 -MT"src/ISR.o" -mcpu=cortex-a9 -mfpu=vfpv3 -mfloat-abi=hard -MMD -MP -MF"src/ISR.d" -MT"src/ISR.o" -o "src/ISR.o" "../src/ISR.c"
'Finished building: ../src/ISR.c'
' '
'Building file: ../src/main.c'
'Invoking: ARM v7 gcc compiler'
arm-none-eabi-gcc -Wall -O0 -g3 -I../../AXI_DMA_Test_bsp/ps7_cortexa9_0/include -I"E:\ACZ7020\AXI_DMA\AXI_DMA.sdk\AXI_DMA_Test\ACZ702_Lib\AXI_DMA" -I"E:\ACZ7020\AXI_DMA\AXI_DMA.sdk\AXI_DMA_Test\ACZ702_Lib\SCU" -I"E:\ACZ7020\AXI_DMA\AXI_DMA.sdk\AXI_DMA_Test\src" -c -fmessage-length=0 -MT"src/main.o" -mcpu=cortex-a9 -mfpu=vfpv3 -mfloat-abi=hard -MMD -MP -MF"src/main.d" -MT"src/main.o" -o "src/main.o" "../src/main.c"
'Finished building: ../src/main.c'
' '
'Building file: ../ACZ702_Lib/SCU/SCU_GIC.c'
'Invoking: ARM v7 gcc compiler'
arm-none-eabi-gcc -Wall -O0 -g3 -I../../AXI_DMA_Test_bsp/ps7_cortexa9_0/include -I"E:\ACZ7020\AXI_DMA\AXI_DMA.sdk\AXI_DMA_Test\ACZ702_Lib\AXI_DMA" -I"E:\ACZ7020\AXI_DMA\AXI_DMA.sdk\AXI_DMA_Test\ACZ702_Lib\SCU" -I"E:\ACZ7020\AXI_DMA\AXI_DMA.sdk\AXI_DMA_Test\src" -c -fmessage-length=0 -MT"ACZ702_Lib/SCU/SCU_GIC.o" -mcpu=cortex-a9 -mfpu=vfpv3 -mfloat-abi=hard -MMD -MP -MF"ACZ702_Lib/SCU/SCU_GIC.d" -MT"ACZ702_Lib/SCU/SCU_GIC.o" -o "ACZ702_Lib/SCU/SCU_GIC.o" "../ACZ702_Lib/SCU/SCU_GIC.c"
'Finished building: ../ACZ702_Lib/SCU/SCU_GIC.c'
' '
'Building file: ../ACZ702_Lib/SCU/SCU_TIMER.c'
'Invoking: ARM v7 gcc compiler'
arm-none-eabi-gcc -Wall -O0 -g3 -I../../AXI_DMA_Test_bsp/ps7_cortexa9_0/include -I"E:\ACZ7020\AXI_DMA\AXI_DMA.sdk\AXI_DMA_Test\ACZ702_Lib\AXI_DMA" -I"E:\ACZ7020\AXI_DMA\AXI_DMA.sdk\AXI_DMA_Test\ACZ702_Lib\SCU" -I"E:\ACZ7020\AXI_DMA\AXI_DMA.sdk\AXI_DMA_Test\src" -c -fmessage-length=0 -MT"ACZ702_Lib/SCU/SCU_TIMER.o" -mcpu=cortex-a9 -mfpu=vfpv3 -mfloat-abi=hard -MMD -MP -MF"ACZ702_Lib/SCU/SCU_TIMER.d" -MT"ACZ702_Lib/SCU/SCU_TIMER.o" -o "ACZ702_Lib/SCU/SCU_TIMER.o" "../ACZ702_Lib/SCU/SCU_TIMER.c"
'Finished building: ../ACZ702_Lib/SCU/SCU_TIMER.c'
' '
'Building file: ../ACZ702_Lib/AXI_DMA/AXI_DMA.c'
'Invoking: ARM v7 gcc compiler'
arm-none-eabi-gcc -Wall -O0 -g3 -I../../AXI_DMA_Test_bsp/ps7_cortexa9_0/include -I"E:\ACZ7020\AXI_DMA\AXI_DMA.sdk\AXI_DMA_Test\ACZ702_Lib\AXI_DMA" -I"E:\ACZ7020\AXI_DMA\AXI_DMA.sdk\AXI_DMA_Test\ACZ702_Lib\SCU" -I"E:\ACZ7020\AXI_DMA\AXI_DMA.sdk\AXI_DMA_Test\src" -c -fmessage-length=0 -MT"ACZ702_Lib/AXI_DMA/AXI_DMA.o" -mcpu=cortex-a9 -mfpu=vfpv3 -mfloat-abi=hard -MMD -MP -MF"ACZ702_Lib/AXI_DMA/AXI_DMA.d" -MT"ACZ702_Lib/AXI_DMA/AXI_DMA.o" -o "ACZ702_Lib/AXI_DMA/AXI_DMA.o" "../ACZ702_Lib/AXI_DMA/AXI_DMA.c"
'Finished building: ../ACZ702_Lib/AXI_DMA/AXI_DMA.c'
' '
'Building target: AXI_DMA_Test.elf'
'Invoking: ARM v7 gcc linker'
arm-none-eabi-gcc -mcpu=cortex-a9 -mfpu=vfpv3 -mfloat-abi=hard -Wl,-build-id=none -specs=Xilinx.spec -Wl,-T -Wl,../src/lscript.ld -L../../AXI_DMA_Test_bsp/ps7_cortexa9_0/lib -o "AXI_DMA_Test.elf"  ./src/COMMON.o ./src/ISR.o ./src/main.o  ./ACZ702_Lib/SCU/SCU_GIC.o ./ACZ702_Lib/SCU/SCU_TIMER.o  ./ACZ702_Lib/AXI_DMA/AXI_DMA.o   -Wl,--start-group,-lxil,-lgcc,-lc,--end-group
'Finished building target: AXI_DMA_Test.elf'
' '
'Invoking: ARM v7 Print Size'
arm-none-eabi-size AXI_DMA_Test.elf  |tee "AXI_DMA_Test.elf.size"
   text	   data	    bss	    dec	    hex	filename
  48572	   3040	  24552	  76164	  12984	AXI_DMA_Test.elf
'Finished building: AXI_DMA_Test.elf.size'
' '
10:32:30 **** Incremental Build of configuration Debug for project AXI_DMA_Test ****
make pre-build main-build 
a9-linaro-pre-build-step
' '
make: Nothing to be done for 'main-build'.
10:41:40 **** Auto Build of configuration Debug for project AXI_DMA_Test ****
make pre-build main-build 
a9-linaro-pre-build-step
' '
'Building file: ../src/main.c'
'Invoking: ARM v7 gcc compiler'
arm-none-eabi-gcc -Wall -O0 -g3 -I../../AXI_DMA_Test_bsp/ps7_cortexa9_0/include -I"E:\ACZ7020\AXI_DMA\AXI_DMA.sdk\AXI_DMA_Test\ACZ702_Lib\AXI_DMA" -I"E:\ACZ7020\AXI_DMA\AXI_DMA.sdk\AXI_DMA_Test\ACZ702_Lib\SCU" -I"E:\ACZ7020\AXI_DMA\AXI_DMA.sdk\AXI_DMA_Test\src" -c -fmessage-length=0 -MT"src/main.o" -mcpu=cortex-a9 -mfpu=vfpv3 -mfloat-abi=hard -MMD -MP -MF"src/main.d" -MT"src/main.o" -o "src/main.o" "../src/main.c"
'Finished building: ../src/main.c'
' '
'Building target: AXI_DMA_Test.elf'
'Invoking: ARM v7 gcc linker'
arm-none-eabi-gcc -mcpu=cortex-a9 -mfpu=vfpv3 -mfloat-abi=hard -Wl,-build-id=none -specs=Xilinx.spec -Wl,-T -Wl,../src/lscript.ld -L../../AXI_DMA_Test_bsp/ps7_cortexa9_0/lib -o "AXI_DMA_Test.elf"  ./src/COMMON.o ./src/ISR.o ./src/main.o  ./ACZ702_Lib/SCU/SCU_GIC.o ./ACZ702_Lib/SCU/SCU_TIMER.o  ./ACZ702_Lib/AXI_DMA/AXI_DMA.o   -Wl,--start-group,-lxil,-lgcc,-lc,--end-group
'Finished building target: AXI_DMA_Test.elf'
' '
'Invoking: ARM v7 Print Size'
arm-none-eabi-size AXI_DMA_Test.elf  |tee "AXI_DMA_Test.elf.size"
   text	   data	    bss	    dec	    hex	filename
  48636	   3040	  24552	  76228	  129c4	AXI_DMA_Test.elf
'Finished building: AXI_DMA_Test.elf.size'
' '
10:41:44 **** Incremental Build of configuration Debug for project AXI_DMA_Test ****
make pre-build main-build 
a9-linaro-pre-build-step
' '
make: Nothing to be done for 'main-build'.
10:44:41 **** Auto Build of configuration Debug for project AXI_DMA_Test ****
make pre-build main-build 
a9-linaro-pre-build-step
' '
'Building file: ../src/main.c'
'Invoking: ARM v7 gcc compiler'
arm-none-eabi-gcc -Wall -O0 -g3 -I../../AXI_DMA_Test_bsp/ps7_cortexa9_0/include -I"E:\ACZ7020\AXI_DMA\AXI_DMA.sdk\AXI_DMA_Test\ACZ702_Lib\AXI_DMA" -I"E:\ACZ7020\AXI_DMA\AXI_DMA.sdk\AXI_DMA_Test\ACZ702_Lib\SCU" -I"E:\ACZ7020\AXI_DMA\AXI_DMA.sdk\AXI_DMA_Test\src" -c -fmessage-length=0 -MT"src/main.o" -mcpu=cortex-a9 -mfpu=vfpv3 -mfloat-abi=hard -MMD -MP -MF"src/main.d" -MT"src/main.o" -o "src/main.o" "../src/main.c"
'Finished building: ../src/main.c'
' '
'Building target: AXI_DMA_Test.elf'
'Invoking: ARM v7 gcc linker'
arm-none-eabi-gcc -mcpu=cortex-a9 -mfpu=vfpv3 -mfloat-abi=hard -Wl,-build-id=none -specs=Xilinx.spec -Wl,-T -Wl,../src/lscript.ld -L../../AXI_DMA_Test_bsp/ps7_cortexa9_0/lib -o "AXI_DMA_Test.elf"  ./src/COMMON.o ./src/ISR.o ./src/main.o  ./ACZ702_Lib/SCU/SCU_GIC.o ./ACZ702_Lib/SCU/SCU_TIMER.o  ./ACZ702_Lib/AXI_DMA/AXI_DMA.o   -Wl,--start-group,-lxil,-lgcc,-lc,--end-group
'Finished building target: AXI_DMA_Test.elf'
' '
'Invoking: ARM v7 Print Size'
arm-none-eabi-size AXI_DMA_Test.elf  |tee "AXI_DMA_Test.elf.size"
   text	   data	    bss	    dec	    hex	filename
  48572	   3040	  24552	  76164	  12984	AXI_DMA_Test.elf
'Finished building: AXI_DMA_Test.elf.size'
' '
11:00:12 **** Incremental Build of configuration Debug for project AXI_DMA_Test ****
make pre-build main-build 
a9-linaro-pre-build-step
' '
make: Nothing to be done for 'main-build'.
14:32:06 **** Clean-only build of configuration Debug for project AXI_DMA_Test ****
make clean 
rm -rf  ./src/COMMON.o ./src/ISR.o ./src/main.o  ./ACZ702_Lib/SCU/SCU_GIC.o ./ACZ702_Lib/SCU/SCU_TIMER.o  ./ACZ702_Lib/AXI_DMA/AXI_DMA.o  ./src/COMMON.d ./src/ISR.d ./src/main.d  ./ACZ702_Lib/SCU/SCU_GIC.d ./ACZ702_Lib/SCU/SCU_TIMER.d  ./ACZ702_Lib/AXI_DMA/AXI_DMA.d  AXI_DMA_Test.elf.size  AXI_DMA_Test.elf
' '
14:32:06 **** Auto Build of configuration Debug for project AXI_DMA_Test ****
make pre-build main-build 
a9-linaro-pre-build-step
' '
'Building file: ../src/COMMON.c'
'Invoking: ARM v7 gcc compiler'
arm-none-eabi-gcc -Wall -O0 -g3 -I../../AXI_DMA_Test_bsp/ps7_cortexa9_0/include -I"D:\work\waresoft\Vivado\workspace\AXI_DMA\AXI_DMA\AXI_DMA.sdk\AXI_DMA_Test\src" -c -fmessage-length=0 -MT"src/COMMON.o" -mcpu=cortex-a9 -mfpu=vfpv3 -mfloat-abi=hard -MMD -MP -MF"src/COMMON.d" -MT"src/COMMON.o" -o "src/COMMON.o" "../src/COMMON.c"
In file included from ../src/COMMON.c:14:0:
../src/COMMON.h:23:10: fatal error: AXI_DMA.h: No such file or directory
 #include "AXI_DMA.h"
          ^~~~~~~~~~~
compilation terminated.
make: *** [src/subdir.mk:29: src/COMMON.o] Error 1
14:32:11 **** Auto Build of configuration Debug for project AXI_DMA_Test ****
make pre-build main-build 
a9-linaro-pre-build-step
' '
'Building file: ../src/COMMON.c'
'Invoking: ARM v7 gcc compiler'
arm-none-eabi-gcc -Wall -O0 -g3 -I../../AXI_DMA_Test_bsp/ps7_cortexa9_0/include -I"D:\work\waresoft\Vivado\workspace\AXI_DMA\AXI_DMA\AXI_DMA.sdk\AXI_DMA_Test\src" -c -fmessage-length=0 -MT"src/COMMON.o" -mcpu=cortex-a9 -mfpu=vfpv3 -mfloat-abi=hard -MMD -MP -MF"src/COMMON.d" -MT"src/COMMON.o" -o "src/COMMON.o" "../src/COMMON.c"
In file included from ../src/COMMON.c:14:0:
../src/COMMON.h:23:10: fatal error: AXI_DMA.h: No such file or directory
 #include "AXI_DMA.h"
          ^~~~~~~~~~~
compilation terminated.
make: *** [src/subdir.mk:29: src/COMMON.o] Error 1
14:32:42 **** Clean-only build of configuration Debug for project AXI_DMA_Test ****
make clean 
rm -rf  ./src/COMMON.o ./src/ISR.o ./src/main.o  ./ACZ7015_Lib/SCU/SCU_GIC.o ./ACZ7015_Lib/SCU/SCU_TIMER.o  ./ACZ7015_Lib/AXI_DMA/AXI_DMA.o  ./src/COMMON.d ./src/ISR.d ./src/main.d  ./ACZ7015_Lib/SCU/SCU_GIC.d ./ACZ7015_Lib/SCU/SCU_TIMER.d  ./ACZ7015_Lib/AXI_DMA/AXI_DMA.d  AXI_DMA_Test.elf.size  AXI_DMA_Test.elf
' '
14:32:42 **** Auto Build of configuration Debug for project AXI_DMA_Test ****
make pre-build main-build 
a9-linaro-pre-build-step
' '
'Building file: ../src/COMMON.c'
'Invoking: ARM v7 gcc compiler'
arm-none-eabi-gcc -Wall -O0 -g3 -I../../AXI_DMA_Test_bsp/ps7_cortexa9_0/include -I"D:\work\waresoft\Vivado\workspace\AXI_DMA\AXI_DMA\AXI_DMA.sdk\AXI_DMA_Test\ACZ7015_Lib\AXI_DMA" -I"D:\work\waresoft\Vivado\workspace\AXI_DMA\AXI_DMA\AXI_DMA.sdk\AXI_DMA_Test\ACZ7015_Lib\SCU" -I"D:\work\waresoft\Vivado\workspace\AXI_DMA\AXI_DMA\AXI_DMA.sdk\AXI_DMA_Test\src" -c -fmessage-length=0 -MT"src/COMMON.o" -mcpu=cortex-a9 -mfpu=vfpv3 -mfloat-abi=hard -MMD -MP -MF"src/COMMON.d" -MT"src/COMMON.o" -o "src/COMMON.o" "../src/COMMON.c"
'Finished building: ../src/COMMON.c'
' '
'Building file: ../src/ISR.c'
'Invoking: ARM v7 gcc compiler'
arm-none-eabi-gcc -Wall -O0 -g3 -I../../AXI_DMA_Test_bsp/ps7_cortexa9_0/include -I"D:\work\waresoft\Vivado\workspace\AXI_DMA\AXI_DMA\AXI_DMA.sdk\AXI_DMA_Test\ACZ7015_Lib\AXI_DMA" -I"D:\work\waresoft\Vivado\workspace\AXI_DMA\AXI_DMA\AXI_DMA.sdk\AXI_DMA_Test\ACZ7015_Lib\SCU" -I"D:\work\waresoft\Vivado\workspace\AXI_DMA\AXI_DMA\AXI_DMA.sdk\AXI_DMA_Test\src" -c -fmessage-length=0 -MT"src/ISR.o" -mcpu=cortex-a9 -mfpu=vfpv3 -mfloat-abi=hard -MMD -MP -MF"src/ISR.d" -MT"src/ISR.o" -o "src/ISR.o" "../src/ISR.c"
'Finished building: ../src/ISR.c'
' '
'Building file: ../src/main.c'
'Invoking: ARM v7 gcc compiler'
arm-none-eabi-gcc -Wall -O0 -g3 -I../../AXI_DMA_Test_bsp/ps7_cortexa9_0/include -I"D:\work\waresoft\Vivado\workspace\AXI_DMA\AXI_DMA\AXI_DMA.sdk\AXI_DMA_Test\ACZ7015_Lib\AXI_DMA" -I"D:\work\waresoft\Vivado\workspace\AXI_DMA\AXI_DMA\AXI_DMA.sdk\AXI_DMA_Test\ACZ7015_Lib\SCU" -I"D:\work\waresoft\Vivado\workspace\AXI_DMA\AXI_DMA\AXI_DMA.sdk\AXI_DMA_Test\src" -c -fmessage-length=0 -MT"src/main.o" -mcpu=cortex-a9 -mfpu=vfpv3 -mfloat-abi=hard -MMD -MP -MF"src/main.d" -MT"src/main.o" -o "src/main.o" "../src/main.c"
'Finished building: ../src/main.c'
' '
'Building file: ../ACZ7015_Lib/SCU/SCU_GIC.c'
'Invoking: ARM v7 gcc compiler'
arm-none-eabi-gcc -Wall -O0 -g3 -I../../AXI_DMA_Test_bsp/ps7_cortexa9_0/include -I"D:\work\waresoft\Vivado\workspace\AXI_DMA\AXI_DMA\AXI_DMA.sdk\AXI_DMA_Test\ACZ7015_Lib\AXI_DMA" -I"D:\work\waresoft\Vivado\workspace\AXI_DMA\AXI_DMA\AXI_DMA.sdk\AXI_DMA_Test\ACZ7015_Lib\SCU" -I"D:\work\waresoft\Vivado\workspace\AXI_DMA\AXI_DMA\AXI_DMA.sdk\AXI_DMA_Test\src" -c -fmessage-length=0 -MT"ACZ7015_Lib/SCU/SCU_GIC.o" -mcpu=cortex-a9 -mfpu=vfpv3 -mfloat-abi=hard -MMD -MP -MF"ACZ7015_Lib/SCU/SCU_GIC.d" -MT"ACZ7015_Lib/SCU/SCU_GIC.o" -o "ACZ7015_Lib/SCU/SCU_GIC.o" "../ACZ7015_Lib/SCU/SCU_GIC.c"
'Finished building: ../ACZ7015_Lib/SCU/SCU_GIC.c'
' '
'Building file: ../ACZ7015_Lib/SCU/SCU_TIMER.c'
'Invoking: ARM v7 gcc compiler'
arm-none-eabi-gcc -Wall -O0 -g3 -I../../AXI_DMA_Test_bsp/ps7_cortexa9_0/include -I"D:\work\waresoft\Vivado\workspace\AXI_DMA\AXI_DMA\AXI_DMA.sdk\AXI_DMA_Test\ACZ7015_Lib\AXI_DMA" -I"D:\work\waresoft\Vivado\workspace\AXI_DMA\AXI_DMA\AXI_DMA.sdk\AXI_DMA_Test\ACZ7015_Lib\SCU" -I"D:\work\waresoft\Vivado\workspace\AXI_DMA\AXI_DMA\AXI_DMA.sdk\AXI_DMA_Test\src" -c -fmessage-length=0 -MT"ACZ7015_Lib/SCU/SCU_TIMER.o" -mcpu=cortex-a9 -mfpu=vfpv3 -mfloat-abi=hard -MMD -MP -MF"ACZ7015_Lib/SCU/SCU_TIMER.d" -MT"ACZ7015_Lib/SCU/SCU_TIMER.o" -o "ACZ7015_Lib/SCU/SCU_TIMER.o" "../ACZ7015_Lib/SCU/SCU_TIMER.c"
'Finished building: ../ACZ7015_Lib/SCU/SCU_TIMER.c'
' '
'Building file: ../ACZ7015_Lib/AXI_DMA/AXI_DMA.c'
'Invoking: ARM v7 gcc compiler'
arm-none-eabi-gcc -Wall -O0 -g3 -I../../AXI_DMA_Test_bsp/ps7_cortexa9_0/include -I"D:\work\waresoft\Vivado\workspace\AXI_DMA\AXI_DMA\AXI_DMA.sdk\AXI_DMA_Test\ACZ7015_Lib\AXI_DMA" -I"D:\work\waresoft\Vivado\workspace\AXI_DMA\AXI_DMA\AXI_DMA.sdk\AXI_DMA_Test\ACZ7015_Lib\SCU" -I"D:\work\waresoft\Vivado\workspace\AXI_DMA\AXI_DMA\AXI_DMA.sdk\AXI_DMA_Test\src" -c -fmessage-length=0 -MT"ACZ7015_Lib/AXI_DMA/AXI_DMA.o" -mcpu=cortex-a9 -mfpu=vfpv3 -mfloat-abi=hard -MMD -MP -MF"ACZ7015_Lib/AXI_DMA/AXI_DMA.d" -MT"ACZ7015_Lib/AXI_DMA/AXI_DMA.o" -o "ACZ7015_Lib/AXI_DMA/AXI_DMA.o" "../ACZ7015_Lib/AXI_DMA/AXI_DMA.c"
'Finished building: ../ACZ7015_Lib/AXI_DMA/AXI_DMA.c'
' '
'Building target: AXI_DMA_Test.elf'
'Invoking: ARM v7 gcc linker'
arm-none-eabi-gcc -L../../AXI_DMA_Test_bsp/ps7_cortexa9_0/lib -mcpu=cortex-a9 -mfpu=vfpv3 -mfloat-abi=hard -Wl,-build-id=none -specs=Xilinx.spec -Wl,-T -Wl,../src/lscript.ld -o "AXI_DMA_Test.elf"  ./src/COMMON.o ./src/ISR.o ./src/main.o  ./ACZ7015_Lib/SCU/SCU_GIC.o ./ACZ7015_Lib/SCU/SCU_TIMER.o  ./ACZ7015_Lib/AXI_DMA/AXI_DMA.o   -l-Wl,--start-group,-lxil,-lgcc,-lc,--end-group
d:/work/waresoft/vivado/installdocument/sdk/2018.3/gnu/aarch32/nt/gcc-arm-none-eabi/bin/../lib/gcc/arm-none-eabi/7.3.1/../../../../arm-none-eabi/bin/ld.exe: cannot find -l-Wl,--start-group,-lxil,-lgcc,-lc,--end-group
collect2.exe: error: ld returned 1 exit status
make: *** [makefile:43: AXI_DMA_Test.elf] Error 1
14:32:44 **** Clean-only build of configuration Debug for project AXI_DMA_Test ****
make clean 
rm -rf  ./src/COMMON.o ./src/ISR.o ./src/main.o  ./ACZ7015_Lib/SCU/SCU_GIC.o ./ACZ7015_Lib/SCU/SCU_TIMER.o  ./ACZ7015_Lib/AXI_DMA/AXI_DMA.o  ./src/COMMON.d ./src/ISR.d ./src/main.d  ./ACZ7015_Lib/SCU/SCU_GIC.d ./ACZ7015_Lib/SCU/SCU_TIMER.d  ./ACZ7015_Lib/AXI_DMA/AXI_DMA.d  AXI_DMA_Test.elf.size  AXI_DMA_Test.elf
' '
14:32:45 **** Auto Build of configuration Debug for project AXI_DMA_Test ****
make pre-build main-build 
a9-linaro-pre-build-step
' '
'Building file: ../src/COMMON.c'
'Invoking: ARM v7 gcc compiler'
arm-none-eabi-gcc -Wall -O0 -g3 -I../../AXI_DMA_Test_bsp/ps7_cortexa9_0/include -I"D:\work\waresoft\Vivado\workspace\AXI_DMA\AXI_DMA\AXI_DMA.sdk\AXI_DMA_Test\ACZ7015_Lib\AXI_DMA" -I"D:\work\waresoft\Vivado\workspace\AXI_DMA\AXI_DMA\AXI_DMA.sdk\AXI_DMA_Test\ACZ7015_Lib\SCU" -I"D:\work\waresoft\Vivado\workspace\AXI_DMA\AXI_DMA\AXI_DMA.sdk\AXI_DMA_Test\src" -c -fmessage-length=0 -MT"src/COMMON.o" -mcpu=cortex-a9 -mfpu=vfpv3 -mfloat-abi=hard -MMD -MP -MF"src/COMMON.d" -MT"src/COMMON.o" -o "src/COMMON.o" "../src/COMMON.c"
'Finished building: ../src/COMMON.c'
' '
'Building file: ../src/ISR.c'
'Invoking: ARM v7 gcc compiler'
arm-none-eabi-gcc -Wall -O0 -g3 -I../../AXI_DMA_Test_bsp/ps7_cortexa9_0/include -I"D:\work\waresoft\Vivado\workspace\AXI_DMA\AXI_DMA\AXI_DMA.sdk\AXI_DMA_Test\ACZ7015_Lib\AXI_DMA" -I"D:\work\waresoft\Vivado\workspace\AXI_DMA\AXI_DMA\AXI_DMA.sdk\AXI_DMA_Test\ACZ7015_Lib\SCU" -I"D:\work\waresoft\Vivado\workspace\AXI_DMA\AXI_DMA\AXI_DMA.sdk\AXI_DMA_Test\src" -c -fmessage-length=0 -MT"src/ISR.o" -mcpu=cortex-a9 -mfpu=vfpv3 -mfloat-abi=hard -MMD -MP -MF"src/ISR.d" -MT"src/ISR.o" -o "src/ISR.o" "../src/ISR.c"
'Finished building: ../src/ISR.c'
' '
'Building file: ../src/main.c'
'Invoking: ARM v7 gcc compiler'
arm-none-eabi-gcc -Wall -O0 -g3 -I../../AXI_DMA_Test_bsp/ps7_cortexa9_0/include -I"D:\work\waresoft\Vivado\workspace\AXI_DMA\AXI_DMA\AXI_DMA.sdk\AXI_DMA_Test\ACZ7015_Lib\AXI_DMA" -I"D:\work\waresoft\Vivado\workspace\AXI_DMA\AXI_DMA\AXI_DMA.sdk\AXI_DMA_Test\ACZ7015_Lib\SCU" -I"D:\work\waresoft\Vivado\workspace\AXI_DMA\AXI_DMA\AXI_DMA.sdk\AXI_DMA_Test\src" -c -fmessage-length=0 -MT"src/main.o" -mcpu=cortex-a9 -mfpu=vfpv3 -mfloat-abi=hard -MMD -MP -MF"src/main.d" -MT"src/main.o" -o "src/main.o" "../src/main.c"
'Finished building: ../src/main.c'
' '
'Building file: ../ACZ7015_Lib/SCU/SCU_GIC.c'
'Invoking: ARM v7 gcc compiler'
arm-none-eabi-gcc -Wall -O0 -g3 -I../../AXI_DMA_Test_bsp/ps7_cortexa9_0/include -I"D:\work\waresoft\Vivado\workspace\AXI_DMA\AXI_DMA\AXI_DMA.sdk\AXI_DMA_Test\ACZ7015_Lib\AXI_DMA" -I"D:\work\waresoft\Vivado\workspace\AXI_DMA\AXI_DMA\AXI_DMA.sdk\AXI_DMA_Test\ACZ7015_Lib\SCU" -I"D:\work\waresoft\Vivado\workspace\AXI_DMA\AXI_DMA\AXI_DMA.sdk\AXI_DMA_Test\src" -c -fmessage-length=0 -MT"ACZ7015_Lib/SCU/SCU_GIC.o" -mcpu=cortex-a9 -mfpu=vfpv3 -mfloat-abi=hard -MMD -MP -MF"ACZ7015_Lib/SCU/SCU_GIC.d" -MT"ACZ7015_Lib/SCU/SCU_GIC.o" -o "ACZ7015_Lib/SCU/SCU_GIC.o" "../ACZ7015_Lib/SCU/SCU_GIC.c"
'Finished building: ../ACZ7015_Lib/SCU/SCU_GIC.c'
' '
'Building file: ../ACZ7015_Lib/SCU/SCU_TIMER.c'
'Invoking: ARM v7 gcc compiler'
arm-none-eabi-gcc -Wall -O0 -g3 -I../../AXI_DMA_Test_bsp/ps7_cortexa9_0/include -I"D:\work\waresoft\Vivado\workspace\AXI_DMA\AXI_DMA\AXI_DMA.sdk\AXI_DMA_Test\ACZ7015_Lib\AXI_DMA" -I"D:\work\waresoft\Vivado\workspace\AXI_DMA\AXI_DMA\AXI_DMA.sdk\AXI_DMA_Test\ACZ7015_Lib\SCU" -I"D:\work\waresoft\Vivado\workspace\AXI_DMA\AXI_DMA\AXI_DMA.sdk\AXI_DMA_Test\src" -c -fmessage-length=0 -MT"ACZ7015_Lib/SCU/SCU_TIMER.o" -mcpu=cortex-a9 -mfpu=vfpv3 -mfloat-abi=hard -MMD -MP -MF"ACZ7015_Lib/SCU/SCU_TIMER.d" -MT"ACZ7015_Lib/SCU/SCU_TIMER.o" -o "ACZ7015_Lib/SCU/SCU_TIMER.o" "../ACZ7015_Lib/SCU/SCU_TIMER.c"
'Finished building: ../ACZ7015_Lib/SCU/SCU_TIMER.c'
' '
'Building file: ../ACZ7015_Lib/AXI_DMA/AXI_DMA.c'
'Invoking: ARM v7 gcc compiler'
arm-none-eabi-gcc -Wall -O0 -g3 -I../../AXI_DMA_Test_bsp/ps7_cortexa9_0/include -I"D:\work\waresoft\Vivado\workspace\AXI_DMA\AXI_DMA\AXI_DMA.sdk\AXI_DMA_Test\ACZ7015_Lib\AXI_DMA" -I"D:\work\waresoft\Vivado\workspace\AXI_DMA\AXI_DMA\AXI_DMA.sdk\AXI_DMA_Test\ACZ7015_Lib\SCU" -I"D:\work\waresoft\Vivado\workspace\AXI_DMA\AXI_DMA\AXI_DMA.sdk\AXI_DMA_Test\src" -c -fmessage-length=0 -MT"ACZ7015_Lib/AXI_DMA/AXI_DMA.o" -mcpu=cortex-a9 -mfpu=vfpv3 -mfloat-abi=hard -MMD -MP -MF"ACZ7015_Lib/AXI_DMA/AXI_DMA.d" -MT"ACZ7015_Lib/AXI_DMA/AXI_DMA.o" -o "ACZ7015_Lib/AXI_DMA/AXI_DMA.o" "../ACZ7015_Lib/AXI_DMA/AXI_DMA.c"
'Finished building: ../ACZ7015_Lib/AXI_DMA/AXI_DMA.c'
' '
'Building target: AXI_DMA_Test.elf'
'Invoking: ARM v7 gcc linker'
arm-none-eabi-gcc -mcpu=cortex-a9 -mfpu=vfpv3 -mfloat-abi=hard -Wl,-build-id=none -specs=Xilinx.spec -Wl,-T -Wl,../src/lscript.ld -L../../AXI_DMA_Test_bsp/ps7_cortexa9_0/lib -o "AXI_DMA_Test.elf"  ./src/COMMON.o ./src/ISR.o ./src/main.o  ./ACZ7015_Lib/SCU/SCU_GIC.o ./ACZ7015_Lib/SCU/SCU_TIMER.o  ./ACZ7015_Lib/AXI_DMA/AXI_DMA.o   -Wl,--start-group,-lxil,-lgcc,-lc,--end-group
'Finished building target: AXI_DMA_Test.elf'
' '
'Invoking: ARM v7 Print Size'
arm-none-eabi-size AXI_DMA_Test.elf  |tee "AXI_DMA_Test.elf.size"
   text	   data	    bss	    dec	    hex	filename
  48572	   3040	  24552	  76164	  12984	AXI_DMA_Test.elf
'Finished building: AXI_DMA_Test.elf.size'
' '
14:34:38 **** Auto Build of configuration Debug for project AXI_DMA_Test ****
make pre-build main-build 
a9-linaro-pre-build-step
' '
'Building file: ../src/COMMON.c'
'Invoking: ARM v7 gcc compiler'
arm-none-eabi-gcc -Wall -O0 -g3 -I../../AXI_DMA_Test_bsp/ps7_cortexa9_0/include -I"D:\work\waresoft\Vivado\workspace\AXI_DMA\AXI_DMA\AXI_DMA.sdk\AXI_DMA_Test\ACZ7015_Lib\AXI_DMA" -I"D:\work\waresoft\Vivado\workspace\AXI_DMA\AXI_DMA\AXI_DMA.sdk\AXI_DMA_Test\ACZ7015_Lib\SCU" -I"D:\work\waresoft\Vivado\workspace\AXI_DMA\AXI_DMA\AXI_DMA.sdk\AXI_DMA_Test\src" -c -fmessage-length=0 -MT"src/COMMON.o" -mcpu=cortex-a9 -mfpu=vfpv3 -mfloat-abi=hard -MMD -MP -MF"src/COMMON.d" -MT"src/COMMON.o" -o "src/COMMON.o" "../src/COMMON.c"
'Finished building: ../src/COMMON.c'
' '
'Building file: ../src/ISR.c'
'Invoking: ARM v7 gcc compiler'
arm-none-eabi-gcc -Wall -O0 -g3 -I../../AXI_DMA_Test_bsp/ps7_cortexa9_0/include -I"D:\work\waresoft\Vivado\workspace\AXI_DMA\AXI_DMA\AXI_DMA.sdk\AXI_DMA_Test\ACZ7015_Lib\AXI_DMA" -I"D:\work\waresoft\Vivado\workspace\AXI_DMA\AXI_DMA\AXI_DMA.sdk\AXI_DMA_Test\ACZ7015_Lib\SCU" -I"D:\work\waresoft\Vivado\workspace\AXI_DMA\AXI_DMA\AXI_DMA.sdk\AXI_DMA_Test\src" -c -fmessage-length=0 -MT"src/ISR.o" -mcpu=cortex-a9 -mfpu=vfpv3 -mfloat-abi=hard -MMD -MP -MF"src/ISR.d" -MT"src/ISR.o" -o "src/ISR.o" "../src/ISR.c"
'Finished building: ../src/ISR.c'
' '
'Building file: ../src/main.c'
'Invoking: ARM v7 gcc compiler'
arm-none-eabi-gcc -Wall -O0 -g3 -I../../AXI_DMA_Test_bsp/ps7_cortexa9_0/include -I"D:\work\waresoft\Vivado\workspace\AXI_DMA\AXI_DMA\AXI_DMA.sdk\AXI_DMA_Test\ACZ7015_Lib\AXI_DMA" -I"D:\work\waresoft\Vivado\workspace\AXI_DMA\AXI_DMA\AXI_DMA.sdk\AXI_DMA_Test\ACZ7015_Lib\SCU" -I"D:\work\waresoft\Vivado\workspace\AXI_DMA\AXI_DMA\AXI_DMA.sdk\AXI_DMA_Test\src" -c -fmessage-length=0 -MT"src/main.o" -mcpu=cortex-a9 -mfpu=vfpv3 -mfloat-abi=hard -MMD -MP -MF"src/main.d" -MT"src/main.o" -o "src/main.o" "../src/main.c"
'Finished building: ../src/main.c'
' '
'Building file: ../ACZ7015_Lib/SCU/SCU_GIC.c'
'Invoking: ARM v7 gcc compiler'
arm-none-eabi-gcc -Wall -O0 -g3 -I../../AXI_DMA_Test_bsp/ps7_cortexa9_0/include -I"D:\work\waresoft\Vivado\workspace\AXI_DMA\AXI_DMA\AXI_DMA.sdk\AXI_DMA_Test\ACZ7015_Lib\AXI_DMA" -I"D:\work\waresoft\Vivado\workspace\AXI_DMA\AXI_DMA\AXI_DMA.sdk\AXI_DMA_Test\ACZ7015_Lib\SCU" -I"D:\work\waresoft\Vivado\workspace\AXI_DMA\AXI_DMA\AXI_DMA.sdk\AXI_DMA_Test\src" -c -fmessage-length=0 -MT"ACZ7015_Lib/SCU/SCU_GIC.o" -mcpu=cortex-a9 -mfpu=vfpv3 -mfloat-abi=hard -MMD -MP -MF"ACZ7015_Lib/SCU/SCU_GIC.d" -MT"ACZ7015_Lib/SCU/SCU_GIC.o" -o "ACZ7015_Lib/SCU/SCU_GIC.o" "../ACZ7015_Lib/SCU/SCU_GIC.c"
'Finished building: ../ACZ7015_Lib/SCU/SCU_GIC.c'
' '
'Building file: ../ACZ7015_Lib/SCU/SCU_TIMER.c'
'Invoking: ARM v7 gcc compiler'
arm-none-eabi-gcc -Wall -O0 -g3 -I../../AXI_DMA_Test_bsp/ps7_cortexa9_0/include -I"D:\work\waresoft\Vivado\workspace\AXI_DMA\AXI_DMA\AXI_DMA.sdk\AXI_DMA_Test\ACZ7015_Lib\AXI_DMA" -I"D:\work\waresoft\Vivado\workspace\AXI_DMA\AXI_DMA\AXI_DMA.sdk\AXI_DMA_Test\ACZ7015_Lib\SCU" -I"D:\work\waresoft\Vivado\workspace\AXI_DMA\AXI_DMA\AXI_DMA.sdk\AXI_DMA_Test\src" -c -fmessage-length=0 -MT"ACZ7015_Lib/SCU/SCU_TIMER.o" -mcpu=cortex-a9 -mfpu=vfpv3 -mfloat-abi=hard -MMD -MP -MF"ACZ7015_Lib/SCU/SCU_TIMER.d" -MT"ACZ7015_Lib/SCU/SCU_TIMER.o" -o "ACZ7015_Lib/SCU/SCU_TIMER.o" "../ACZ7015_Lib/SCU/SCU_TIMER.c"
'Finished building: ../ACZ7015_Lib/SCU/SCU_TIMER.c'
' '
'Building file: ../ACZ7015_Lib/AXI_DMA/AXI_DMA.c'
'Invoking: ARM v7 gcc compiler'
arm-none-eabi-gcc -Wall -O0 -g3 -I../../AXI_DMA_Test_bsp/ps7_cortexa9_0/include -I"D:\work\waresoft\Vivado\workspace\AXI_DMA\AXI_DMA\AXI_DMA.sdk\AXI_DMA_Test\ACZ7015_Lib\AXI_DMA" -I"D:\work\waresoft\Vivado\workspace\AXI_DMA\AXI_DMA\AXI_DMA.sdk\AXI_DMA_Test\ACZ7015_Lib\SCU" -I"D:\work\waresoft\Vivado\workspace\AXI_DMA\AXI_DMA\AXI_DMA.sdk\AXI_DMA_Test\src" -c -fmessage-length=0 -MT"ACZ7015_Lib/AXI_DMA/AXI_DMA.o" -mcpu=cortex-a9 -mfpu=vfpv3 -mfloat-abi=hard -MMD -MP -MF"ACZ7015_Lib/AXI_DMA/AXI_DMA.d" -MT"ACZ7015_Lib/AXI_DMA/AXI_DMA.o" -o "ACZ7015_Lib/AXI_DMA/AXI_DMA.o" "../ACZ7015_Lib/AXI_DMA/AXI_DMA.c"
'Finished building: ../ACZ7015_Lib/AXI_DMA/AXI_DMA.c'
' '
'Building target: AXI_DMA_Test.elf'
'Invoking: ARM v7 gcc linker'
arm-none-eabi-gcc -mcpu=cortex-a9 -mfpu=vfpv3 -mfloat-abi=hard -Wl,-build-id=none -specs=Xilinx.spec -Wl,-T -Wl,../src/lscript.ld -L../../AXI_DMA_Test_bsp/ps7_cortexa9_0/lib -o "AXI_DMA_Test.elf"  ./src/COMMON.o ./src/ISR.o ./src/main.o  ./ACZ7015_Lib/SCU/SCU_GIC.o ./ACZ7015_Lib/SCU/SCU_TIMER.o  ./ACZ7015_Lib/AXI_DMA/AXI_DMA.o   -Wl,--start-group,-lxil,-lgcc,-lc,--end-group
'Finished building target: AXI_DMA_Test.elf'
' '
'Invoking: ARM v7 Print Size'
arm-none-eabi-size AXI_DMA_Test.elf  |tee "AXI_DMA_Test.elf.size"
   text	   data	    bss	    dec	    hex	filename
  48572	   3040	  24552	  76164	  12984	AXI_DMA_Test.elf
'Finished building: AXI_DMA_Test.elf.size'
' '
14:34:41 **** Incremental Build of configuration Debug for project AXI_DMA_Test ****
make pre-build main-build 
a9-linaro-pre-build-step
' '
make: Nothing to be done for 'main-build'.
14:35:36 **** Auto Build of project AXI_DMA_Test_bsp ****
make -k all 
"Running Make include in ps7_cortexa9_0/libsrc/axidma_v9_8/src"
make -C ps7_cortexa9_0/libsrc/axidma_v9_8/src -s include  "SHELL=CMD" "COMPILER=arm-none-eabi-gcc" "ARCHIVER=arm-none-eabi-ar" "COMPILER_FLAGS=  -O2 -c" "EXTRA_COMPILER_FLAGS=-mcpu=cortex-a9 -mfpu=vfpv3 -mfloat-abi=hard -nostartfiles -g -Wall -Wextra"
"Running Make include in ps7_cortexa9_0/libsrc/coresightps_dcc_v1_4/src"
make -C ps7_cortexa9_0/libsrc/coresightps_dcc_v1_4/src -s include  "SHELL=CMD" "COMPILER=arm-none-eabi-gcc" "ARCHIVER=arm-none-eabi-ar" "COMPILER_FLAGS=  -O2 -c" "EXTRA_COMPILER_FLAGS=-mcpu=cortex-a9 -mfpu=vfpv3 -mfloat-abi=hard -nostartfiles -g -Wall -Wextra"
"Running Make include in ps7_cortexa9_0/libsrc/cpu_cortexa9_v2_7/src"
make -C ps7_cortexa9_0/libsrc/cpu_cortexa9_v2_7/src -s include  "SHELL=CMD" "COMPILER=arm-none-eabi-gcc" "ARCHIVER=arm-none-eabi-ar" "COMPILER_FLAGS=  -O2 -c" "EXTRA_COMPILER_FLAGS=-mcpu=cortex-a9 -mfpu=vfpv3 -mfloat-abi=hard -nostartfiles -g -Wall -Wextra"
"Running Make include in ps7_cortexa9_0/libsrc/ddrps_v1_0/src"
make -C ps7_cortexa9_0/libsrc/ddrps_v1_0/src -s include  "SHELL=CMD" "COMPILER=arm-none-eabi-gcc" "ARCHIVER=arm-none-eabi-ar" "COMPILER_FLAGS=  -O2 -c" "EXTRA_COMPILER_FLAGS=-mcpu=cortex-a9 -mfpu=vfpv3 -mfloat-abi=hard -nostartfiles -g -Wall -Wextra"
"Running Make include in ps7_cortexa9_0/libsrc/devcfg_v3_5/src"
make -C ps7_cortexa9_0/libsrc/devcfg_v3_5/src -s include  "SHELL=CMD" "COMPILER=arm-none-eabi-gcc" "ARCHIVER=arm-none-eabi-ar" "COMPILER_FLAGS=  -O2 -c" "EXTRA_COMPILER_FLAGS=-mcpu=cortex-a9 -mfpu=vfpv3 -mfloat-abi=hard -nostartfiles -g -Wall -Wextra"
"Running Make include in ps7_cortexa9_0/libsrc/dmaps_v2_4/src"
make -C ps7_cortexa9_0/libsrc/dmaps_v2_4/src -s include  "SHELL=CMD" "COMPILER=arm-none-eabi-gcc" "ARCHIVER=arm-none-eabi-ar" "COMPILER_FLAGS=  -O2 -c" "EXTRA_COMPILER_FLAGS=-mcpu=cortex-a9 -mfpu=vfpv3 -mfloat-abi=hard -nostartfiles -g -Wall -Wextra"
"Running Make include in ps7_cortexa9_0/libsrc/scugic_v3_10/src"
make -C ps7_cortexa9_0/libsrc/scugic_v3_10/src -s include  "SHELL=CMD" "COMPILER=arm-none-eabi-gcc" "ARCHIVER=arm-none-eabi-ar" "COMPILER_FLAGS=  -O2 -c" "EXTRA_COMPILER_FLAGS=-mcpu=cortex-a9 -mfpu=vfpv3 -mfloat-abi=hard -nostartfiles -g -Wall -Wextra"
"Running Make include in ps7_cortexa9_0/libsrc/scutimer_v2_1/src"
make -C ps7_cortexa9_0/libsrc/scutimer_v2_1/src -s include  "SHELL=CMD" "COMPILER=arm-none-eabi-gcc" "ARCHIVER=arm-none-eabi-ar" "COMPILER_FLAGS=  -O2 -c" "EXTRA_COMPILER_FLAGS=-mcpu=cortex-a9 -mfpu=vfpv3 -mfloat-abi=hard -nostartfiles -g -Wall -Wextra"
"Running Make include in ps7_cortexa9_0/libsrc/scuwdt_v2_1/src"
make -C ps7_cortexa9_0/libsrc/scuwdt_v2_1/src -s include  "SHELL=CMD" "COMPILER=arm-none-eabi-gcc" "ARCHIVER=arm-none-eabi-ar" "COMPILER_FLAGS=  -O2 -c" "EXTRA_COMPILER_FLAGS=-mcpu=cortex-a9 -mfpu=vfpv3 -mfloat-abi=hard -nostartfiles -g -Wall -Wextra"
"Running Make include in ps7_cortexa9_0/libsrc/standalone_v6_8/src"
make -C ps7_cortexa9_0/libsrc/standalone_v6_8/src -s include  "SHELL=CMD" "COMPILER=arm-none-eabi-gcc" "ARCHIVER=arm-none-eabi-ar" "COMPILER_FLAGS=  -O2 -c" "EXTRA_COMPILER_FLAGS=-mcpu=cortex-a9 -mfpu=vfpv3 -mfloat-abi=hard -nostartfiles -g -Wall -Wextra"
"Running Make include in ps7_cortexa9_0/libsrc/uartps_v3_7/src"
make -C ps7_cortexa9_0/libsrc/uartps_v3_7/src -s include  "SHELL=CMD" "COMPILER=arm-none-eabi-gcc" "ARCHIVER=arm-none-eabi-ar" "COMPILER_FLAGS=  -O2 -c" "EXTRA_COMPILER_FLAGS=-mcpu=cortex-a9 -mfpu=vfpv3 -mfloat-abi=hard -nostartfiles -g -Wall -Wextra"
"Running Make include in ps7_cortexa9_0/libsrc/xadcps_v2_3/src"
make -C ps7_cortexa9_0/libsrc/xadcps_v2_3/src -s include  "SHELL=CMD" "COMPILER=arm-none-eabi-gcc" "ARCHIVER=arm-none-eabi-ar" "COMPILER_FLAGS=  -O2 -c" "EXTRA_COMPILER_FLAGS=-mcpu=cortex-a9 -mfpu=vfpv3 -mfloat-abi=hard -nostartfiles -g -Wall -Wextra"
"Running Make libs in ps7_cortexa9_0/libsrc/axidma_v9_8/src"
make -C ps7_cortexa9_0/libsrc/axidma_v9_8/src -s libs  "SHELL=CMD" "COMPILER=arm-none-eabi-gcc" "ARCHIVER=arm-none-eabi-ar" "COMPILER_FLAGS=  -O2 -c" "EXTRA_COMPILER_FLAGS=-mcpu=cortex-a9 -mfpu=vfpv3 -mfloat-abi=hard -nostartfiles -g -Wall -Wextra"
"Compiling axidma"
arm-none-eabi-ar: creating ../../../lib/libxil.a
"Running Make libs in ps7_cortexa9_0/libsrc/coresightps_dcc_v1_4/src"
make -C ps7_cortexa9_0/libsrc/coresightps_dcc_v1_4/src -s libs  "SHELL=CMD" "COMPILER=arm-none-eabi-gcc" "ARCHIVER=arm-none-eabi-ar" "COMPILER_FLAGS=  -O2 -c" "EXTRA_COMPILER_FLAGS=-mcpu=cortex-a9 -mfpu=vfpv3 -mfloat-abi=hard -nostartfiles -g -Wall -Wextra"
"Compiling coresightps_dcc"
"Running Make libs in ps7_cortexa9_0/libsrc/cpu_cortexa9_v2_7/src"
make -C ps7_cortexa9_0/libsrc/cpu_cortexa9_v2_7/src -s libs  "SHELL=CMD" "COMPILER=arm-none-eabi-gcc" "ARCHIVER=arm-none-eabi-ar" "COMPILER_FLAGS=  -O2 -c" "EXTRA_COMPILER_FLAGS=-mcpu=cortex-a9 -mfpu=vfpv3 -mfloat-abi=hard -nostartfiles -g -Wall -Wextra"
"Compiling cpu_cortexa9"
"Running Make libs in ps7_cortexa9_0/libsrc/ddrps_v1_0/src"
make -C ps7_cortexa9_0/libsrc/ddrps_v1_0/src -s libs  "SHELL=CMD" "COMPILER=arm-none-eabi-gcc" "ARCHIVER=arm-none-eabi-ar" "COMPILER_FLAGS=  -O2 -c" "EXTRA_COMPILER_FLAGS=-mcpu=cortex-a9 -mfpu=vfpv3 -mfloat-abi=hard -nostartfiles -g -Wall -Wextra"
"Compiling ddrps"
"Running Make libs in ps7_cortexa9_0/libsrc/devcfg_v3_5/src"
make -C ps7_cortexa9_0/libsrc/devcfg_v3_5/src -s libs  "SHELL=CMD" "COMPILER=arm-none-eabi-gcc" "ARCHIVER=arm-none-eabi-ar" "COMPILER_FLAGS=  -O2 -c" "EXTRA_COMPILER_FLAGS=-mcpu=cortex-a9 -mfpu=vfpv3 -mfloat-abi=hard -nostartfiles -g -Wall -Wextra"
"Compiling devcfg"
"Running Make libs in ps7_cortexa9_0/libsrc/dmaps_v2_4/src"
make -C ps7_cortexa9_0/libsrc/dmaps_v2_4/src -s libs  "SHELL=CMD" "COMPILER=arm-none-eabi-gcc" "ARCHIVER=arm-none-eabi-ar" "COMPILER_FLAGS=  -O2 -c" "EXTRA_COMPILER_FLAGS=-mcpu=cortex-a9 -mfpu=vfpv3 -mfloat-abi=hard -nostartfiles -g -Wall -Wextra"
"Compiling dmaps"
"Running Make libs in ps7_cortexa9_0/libsrc/scugic_v3_10/src"
make -C ps7_cortexa9_0/libsrc/scugic_v3_10/src -s libs  "SHELL=CMD" "COMPILER=arm-none-eabi-gcc" "ARCHIVER=arm-none-eabi-ar" "COMPILER_FLAGS=  -O2 -c" "EXTRA_COMPILER_FLAGS=-mcpu=cortex-a9 -mfpu=vfpv3 -mfloat-abi=hard -nostartfiles -g -Wall -Wextra"
"Compiling scugic"
"Running Make libs in ps7_cortexa9_0/libsrc/scutimer_v2_1/src"
make -C ps7_cortexa9_0/libsrc/scutimer_v2_1/src -s libs  "SHELL=CMD" "COMPILER=arm-none-eabi-gcc" "ARCHIVER=arm-none-eabi-ar" "COMPILER_FLAGS=  -O2 -c" "EXTRA_COMPILER_FLAGS=-mcpu=cortex-a9 -mfpu=vfpv3 -mfloat-abi=hard -nostartfiles -g -Wall -Wextra"
"Compiling scutimer"
"Running Make libs in ps7_cortexa9_0/libsrc/scuwdt_v2_1/src"
make -C ps7_cortexa9_0/libsrc/scuwdt_v2_1/src -s libs  "SHELL=CMD" "COMPILER=arm-none-eabi-gcc" "ARCHIVER=arm-none-eabi-ar" "COMPILER_FLAGS=  -O2 -c" "EXTRA_COMPILER_FLAGS=-mcpu=cortex-a9 -mfpu=vfpv3 -mfloat-abi=hard -nostartfiles -g -Wall -Wextra"
"Compiling scuwdt"
"Running Make libs in ps7_cortexa9_0/libsrc/standalone_v6_8/src"
make -C ps7_cortexa9_0/libsrc/standalone_v6_8/src -s libs  "SHELL=CMD" "COMPILER=arm-none-eabi-gcc" "ARCHIVER=arm-none-eabi-ar" "COMPILER_FLAGS=  -O2 -c" "EXTRA_COMPILER_FLAGS=-mcpu=cortex-a9 -mfpu=vfpv3 -mfloat-abi=hard -nostartfiles -g -Wall -Wextra"
"Compiling standalone"
In file included from usleep.c:56:0:
xtime_l.h:87:9: note: #pragma message: For the sleep routines, Global timer is being used
 #pragma message ("For the sleep routines, Global timer is being used")
         ^~~~~~~
In file included from xil_sleeptimer.c:51:0:
xtime_l.h:87:9: note: #pragma message: For the sleep routines, Global timer is being used
 #pragma message ("For the sleep routines, Global timer is being used")
         ^~~~~~~
In file included from xtime_l.c:49:0:
xtime_l.h:87:9: note: #pragma message: For the sleep routines, Global timer is being used
 #pragma message ("For the sleep routines, Global timer is being used")
         ^~~~~~~
In file included from sleep.c:53:0:
xtime_l.h:87:9: note: #pragma message: For the sleep routines, Global timer is being used
 #pragma message ("For the sleep routines, Global timer is being used")
         ^~~~~~~
"Running Make libs in ps7_cortexa9_0/libsrc/uartps_v3_7/src"
make -C ps7_cortexa9_0/libsrc/uartps_v3_7/src -s libs  "SHELL=CMD" "COMPILER=arm-none-eabi-gcc" "ARCHIVER=arm-none-eabi-ar" "COMPILER_FLAGS=  -O2 -c" "EXTRA_COMPILER_FLAGS=-mcpu=cortex-a9 -mfpu=vfpv3 -mfloat-abi=hard -nostartfiles -g -Wall -Wextra"
"Compiling uartps"
"Running Make libs in ps7_cortexa9_0/libsrc/xadcps_v2_3/src"
make -C ps7_cortexa9_0/libsrc/xadcps_v2_3/src -s libs  "SHELL=CMD" "COMPILER=arm-none-eabi-gcc" "ARCHIVER=arm-none-eabi-ar" "COMPILER_FLAGS=  -O2 -c" "EXTRA_COMPILER_FLAGS=-mcpu=cortex-a9 -mfpu=vfpv3 -mfloat-abi=hard -nostartfiles -g -Wall -Wextra"
"Compiling xadcps"
'Finished building libraries'
14:35:43 **** Auto Build of configuration Debug for project AXI_DMA_Test ****
make pre-build main-build 
a9-linaro-pre-build-step
' '
'Building file: ../src/COMMON.c'
'Invoking: ARM v7 gcc compiler'
arm-none-eabi-gcc -Wall -O0 -g3 -I../../AXI_DMA_Test_bsp/ps7_cortexa9_0/include -I"D:\work\waresoft\Vivado\workspace\AXI_DMA\AXI_DMA\AXI_DMA.sdk\AXI_DMA_Test\ACZ7015_Lib\AXI_DMA" -I"D:\work\waresoft\Vivado\workspace\AXI_DMA\AXI_DMA\AXI_DMA.sdk\AXI_DMA_Test\ACZ7015_Lib\SCU" -I"D:\work\waresoft\Vivado\workspace\AXI_DMA\AXI_DMA\AXI_DMA.sdk\AXI_DMA_Test\src" -c -fmessage-length=0 -MT"src/COMMON.o" -mcpu=cortex-a9 -mfpu=vfpv3 -mfloat-abi=hard -MMD -MP -MF"src/COMMON.d" -MT"src/COMMON.o" -o "src/COMMON.o" "../src/COMMON.c"
'Finished building: ../src/COMMON.c'
' '
'Building file: ../src/ISR.c'
'Invoking: ARM v7 gcc compiler'
arm-none-eabi-gcc -Wall -O0 -g3 -I../../AXI_DMA_Test_bsp/ps7_cortexa9_0/include -I"D:\work\waresoft\Vivado\workspace\AXI_DMA\AXI_DMA\AXI_DMA.sdk\AXI_DMA_Test\ACZ7015_Lib\AXI_DMA" -I"D:\work\waresoft\Vivado\workspace\AXI_DMA\AXI_DMA\AXI_DMA.sdk\AXI_DMA_Test\ACZ7015_Lib\SCU" -I"D:\work\waresoft\Vivado\workspace\AXI_DMA\AXI_DMA\AXI_DMA.sdk\AXI_DMA_Test\src" -c -fmessage-length=0 -MT"src/ISR.o" -mcpu=cortex-a9 -mfpu=vfpv3 -mfloat-abi=hard -MMD -MP -MF"src/ISR.d" -MT"src/ISR.o" -o "src/ISR.o" "../src/ISR.c"
'Finished building: ../src/ISR.c'
' '
'Building file: ../src/main.c'
'Invoking: ARM v7 gcc compiler'
arm-none-eabi-gcc -Wall -O0 -g3 -I../../AXI_DMA_Test_bsp/ps7_cortexa9_0/include -I"D:\work\waresoft\Vivado\workspace\AXI_DMA\AXI_DMA\AXI_DMA.sdk\AXI_DMA_Test\ACZ7015_Lib\AXI_DMA" -I"D:\work\waresoft\Vivado\workspace\AXI_DMA\AXI_DMA\AXI_DMA.sdk\AXI_DMA_Test\ACZ7015_Lib\SCU" -I"D:\work\waresoft\Vivado\workspace\AXI_DMA\AXI_DMA\AXI_DMA.sdk\AXI_DMA_Test\src" -c -fmessage-length=0 -MT"src/main.o" -mcpu=cortex-a9 -mfpu=vfpv3 -mfloat-abi=hard -MMD -MP -MF"src/main.d" -MT"src/main.o" -o "src/main.o" "../src/main.c"
'Finished building: ../src/main.c'
' '
'Building file: ../ACZ7015_Lib/SCU/SCU_GIC.c'
'Invoking: ARM v7 gcc compiler'
arm-none-eabi-gcc -Wall -O0 -g3 -I../../AXI_DMA_Test_bsp/ps7_cortexa9_0/include -I"D:\work\waresoft\Vivado\workspace\AXI_DMA\AXI_DMA\AXI_DMA.sdk\AXI_DMA_Test\ACZ7015_Lib\AXI_DMA" -I"D:\work\waresoft\Vivado\workspace\AXI_DMA\AXI_DMA\AXI_DMA.sdk\AXI_DMA_Test\ACZ7015_Lib\SCU" -I"D:\work\waresoft\Vivado\workspace\AXI_DMA\AXI_DMA\AXI_DMA.sdk\AXI_DMA_Test\src" -c -fmessage-length=0 -MT"ACZ7015_Lib/SCU/SCU_GIC.o" -mcpu=cortex-a9 -mfpu=vfpv3 -mfloat-abi=hard -MMD -MP -MF"ACZ7015_Lib/SCU/SCU_GIC.d" -MT"ACZ7015_Lib/SCU/SCU_GIC.o" -o "ACZ7015_Lib/SCU/SCU_GIC.o" "../ACZ7015_Lib/SCU/SCU_GIC.c"
'Finished building: ../ACZ7015_Lib/SCU/SCU_GIC.c'
' '
'Building file: ../ACZ7015_Lib/SCU/SCU_TIMER.c'
'Invoking: ARM v7 gcc compiler'
arm-none-eabi-gcc -Wall -O0 -g3 -I../../AXI_DMA_Test_bsp/ps7_cortexa9_0/include -I"D:\work\waresoft\Vivado\workspace\AXI_DMA\AXI_DMA\AXI_DMA.sdk\AXI_DMA_Test\ACZ7015_Lib\AXI_DMA" -I"D:\work\waresoft\Vivado\workspace\AXI_DMA\AXI_DMA\AXI_DMA.sdk\AXI_DMA_Test\ACZ7015_Lib\SCU" -I"D:\work\waresoft\Vivado\workspace\AXI_DMA\AXI_DMA\AXI_DMA.sdk\AXI_DMA_Test\src" -c -fmessage-length=0 -MT"ACZ7015_Lib/SCU/SCU_TIMER.o" -mcpu=cortex-a9 -mfpu=vfpv3 -mfloat-abi=hard -MMD -MP -MF"ACZ7015_Lib/SCU/SCU_TIMER.d" -MT"ACZ7015_Lib/SCU/SCU_TIMER.o" -o "ACZ7015_Lib/SCU/SCU_TIMER.o" "../ACZ7015_Lib/SCU/SCU_TIMER.c"
'Finished building: ../ACZ7015_Lib/SCU/SCU_TIMER.c'
' '
'Building file: ../ACZ7015_Lib/AXI_DMA/AXI_DMA.c'
'Invoking: ARM v7 gcc compiler'
[...]
' '
'Building target: AXI_DMA_Test.elf'
'Invoking: ARM v7 gcc linker'
arm-none-eabi-gcc -mcpu=cortex-a9 -mfpu=vfpv3 -mfloat-abi=hard -Wl,-build-id=none -specs=Xilinx.spec -Wl,-T -Wl,../src/lscript.ld -L../../AXI_DMA_Test_bsp/ps7_cortexa9_0/lib -o "AXI_DMA_Test.elf"  ./src/COMMON.o ./src/ISR.o ./src/main.o  ./ACZ7015_Lib/SCU/SCU_GIC.o ./ACZ7015_Lib/SCU/SCU_TIMER.o  ./ACZ7015_Lib/AXI_DMA/AXI_DMA.o   -Wl,--start-group,-lxil,-lgcc,-lc,--end-group
'Finished building target: AXI_DMA_Test.elf'
' '
'Invoking: ARM v7 Print Size'
arm-none-eabi-size AXI_DMA_Test.elf  |tee "AXI_DMA_Test.elf.size"
   text	   data	    bss	    dec	    hex	filename
  48572	   3040	  24552	  76164	  12984	AXI_DMA_Test.elf
'Finished building: AXI_DMA_Test.elf.size'
' '
17:01:54 **** Auto Build of configuration Debug for project AXI_DMA_Test ****
make pre-build main-build 
a9-linaro-pre-build-step
' '
'Building file: ../src/COMMON.c'
'Invoking: ARM v7 gcc compiler'
arm-none-eabi-gcc -Wall -O0 -g3 -I../../AXI_DMA_Test_bsp/ps7_cortexa9_0/include -I"D:\work\waresoft\Vivado\workspace\ch17_ACZ7015_AXI_DMA\AXI_DMA.sdk\AXI_DMA_Test\ACZ7015_Lib\AXI_DMA" -I"D:\work\waresoft\Vivado\workspace\ch17_ACZ7015_AXI_DMA\AXI_DMA.sdk\AXI_DMA_Test\ACZ7015_Lib\SCU" -I"D:\work\waresoft\Vivado\workspace\ch17_ACZ7015_AXI_DMA\AXI_DMA.sdk\AXI_DMA_Test\src" -c -fmessage-length=0 -MT"src/COMMON.o" -mcpu=cortex-a9 -mfpu=vfpv3 -mfloat-abi=hard -MMD -MP -MF"src/COMMON.d" -MT"src/COMMON.o" -o "src/COMMON.o" "../src/COMMON.c"
'Finished building: ../src/COMMON.c'
' '
'Building file: ../src/ISR.c'
'Invoking: ARM v7 gcc compiler'
arm-none-eabi-gcc -Wall -O0 -g3 -I../../AXI_DMA_Test_bsp/ps7_cortexa9_0/include -I"D:\work\waresoft\Vivado\workspace\ch17_ACZ7015_AXI_DMA\AXI_DMA.sdk\AXI_DMA_Test\ACZ7015_Lib\AXI_DMA" -I"D:\work\waresoft\Vivado\workspace\ch17_ACZ7015_AXI_DMA\AXI_DMA.sdk\AXI_DMA_Test\ACZ7015_Lib\SCU" -I"D:\work\waresoft\Vivado\workspace\ch17_ACZ7015_AXI_DMA\AXI_DMA.sdk\AXI_DMA_Test\src" -c -fmessage-length=0 -MT"src/ISR.o" -mcpu=cortex-a9 -mfpu=vfpv3 -mfloat-abi=hard -MMD -MP -MF"src/ISR.d" -MT"src/ISR.o" -o "src/ISR.o" "../src/ISR.c"
'Finished building: ../src/ISR.c'
' '
'Building file: ../src/main.c'
'Invoking: ARM v7 gcc compiler'
arm-none-eabi-gcc -Wall -O0 -g3 -I../../AXI_DMA_Test_bsp/ps7_cortexa9_0/include -I"D:\work\waresoft\Vivado\workspace\ch17_ACZ7015_AXI_DMA\AXI_DMA.sdk\AXI_DMA_Test\ACZ7015_Lib\AXI_DMA" -I"D:\work\waresoft\Vivado\workspace\ch17_ACZ7015_AXI_DMA\AXI_DMA.sdk\AXI_DMA_Test\ACZ7015_Lib\SCU" -I"D:\work\waresoft\Vivado\workspace\ch17_ACZ7015_AXI_DMA\AXI_DMA.sdk\AXI_DMA_Test\src" -c -fmessage-length=0 -MT"src/main.o" -mcpu=cortex-a9 -mfpu=vfpv3 -mfloat-abi=hard -MMD -MP -MF"src/main.d" -MT"src/main.o" -o "src/main.o" "../src/main.c"
'Finished building: ../src/main.c'
' '
'Building file: ../ACZ7015_Lib/SCU/SCU_GIC.c'
'Invoking: ARM v7 gcc compiler'
arm-none-eabi-gcc -Wall -O0 -g3 -I../../AXI_DMA_Test_bsp/ps7_cortexa9_0/include -I"D:\work\waresoft\Vivado\workspace\ch17_ACZ7015_AXI_DMA\AXI_DMA.sdk\AXI_DMA_Test\ACZ7015_Lib\AXI_DMA" -I"D:\work\waresoft\Vivado\workspace\ch17_ACZ7015_AXI_DMA\AXI_DMA.sdk\AXI_DMA_Test\ACZ7015_Lib\SCU" -I"D:\work\waresoft\Vivado\workspace\ch17_ACZ7015_AXI_DMA\AXI_DMA.sdk\AXI_DMA_Test\src" -c -fmessage-length=0 -MT"ACZ7015_Lib/SCU/SCU_GIC.o" -mcpu=cortex-a9 -mfpu=vfpv3 -mfloat-abi=hard -MMD -MP -MF"ACZ7015_Lib/SCU/SCU_GIC.d" -MT"ACZ7015_Lib/SCU/SCU_GIC.o" -o "ACZ7015_Lib/SCU/SCU_GIC.o" "../ACZ7015_Lib/SCU/SCU_GIC.c"
'Finished building: ../ACZ7015_Lib/SCU/SCU_GIC.c'
' '
'Building file: ../ACZ7015_Lib/SCU/SCU_TIMER.c'
'Invoking: ARM v7 gcc compiler'
arm-none-eabi-gcc -Wall -O0 -g3 -I../../AXI_DMA_Test_bsp/ps7_cortexa9_0/include -I"D:\work\waresoft\Vivado\workspace\ch17_ACZ7015_AXI_DMA\AXI_DMA.sdk\AXI_DMA_Test\ACZ7015_Lib\AXI_DMA" -I"D:\work\waresoft\Vivado\workspace\ch17_ACZ7015_AXI_DMA\AXI_DMA.sdk\AXI_DMA_Test\ACZ7015_Lib\SCU" -I"D:\work\waresoft\Vivado\workspace\ch17_ACZ7015_AXI_DMA\AXI_DMA.sdk\AXI_DMA_Test\src" -c -fmessage-length=0 -MT"ACZ7015_Lib/SCU/SCU_TIMER.o" -mcpu=cortex-a9 -mfpu=vfpv3 -mfloat-abi=hard -MMD -MP -MF"ACZ7015_Lib/SCU/SCU_TIMER.d" -MT"ACZ7015_Lib/SCU/SCU_TIMER.o" -o "ACZ7015_Lib/SCU/SCU_TIMER.o" "../ACZ7015_Lib/SCU/SCU_TIMER.c"
'Finished building: ../ACZ7015_Lib/SCU/SCU_TIMER.c'
' '
'Building file: ../ACZ7015_Lib/AXI_DMA/AXI_DMA.c'
'Invoking: ARM v7 gcc compiler'
arm-none-eabi-gcc -Wall -O0 -g3 -I../../AXI_DMA_Test_bsp/ps7_cortexa9_0/include -I"D:\work\waresoft\Vivado\workspace\ch17_ACZ7015_AXI_DMA\AXI_DMA.sdk\AXI_DMA_Test\ACZ7015_Lib\AXI_DMA" -I"D:\work\waresoft\Vivado\workspace\ch17_ACZ7015_AXI_DMA\AXI_DMA.sdk\AXI_DMA_Test\ACZ7015_Lib\SCU" -I"D:\work\waresoft\Vivado\workspace\ch17_ACZ7015_AXI_DMA\AXI_DMA.sdk\AXI_DMA_Test\src" -c -fmessage-length=0 -MT"ACZ7015_Lib/AXI_DMA/AXI_DMA.o" -mcpu=cortex-a9 -mfpu=vfpv3 -mfloat-abi=hard -MMD -MP -MF"ACZ7015_Lib/AXI_DMA/AXI_DMA.d" -MT"ACZ7015_Lib/AXI_DMA/AXI_DMA.o" -o "ACZ7015_Lib/AXI_DMA/AXI_DMA.o" "../ACZ7015_Lib/AXI_DMA/AXI_DMA.c"
'Finished building: ../ACZ7015_Lib/AXI_DMA/AXI_DMA.c'
' '
'Building target: AXI_DMA_Test.elf'
'Invoking: ARM v7 gcc linker'
arm-none-eabi-gcc -mcpu=cortex-a9 -mfpu=vfpv3 -mfloat-abi=hard -Wl,-build-id=none -specs=Xilinx.spec -Wl,-T -Wl,../src/lscript.ld -L../../AXI_DMA_Test_bsp/ps7_cortexa9_0/lib -o "AXI_DMA_Test.elf"  ./src/COMMON.o ./src/ISR.o ./src/main.o  ./ACZ7015_Lib/SCU/SCU_GIC.o ./ACZ7015_Lib/SCU/SCU_TIMER.o  ./ACZ7015_Lib/AXI_DMA/AXI_DMA.o   -Wl,--start-group,-lxil,-lgcc,-lc,--end-group
'Finished building target: AXI_DMA_Test.elf'
' '
'Invoking: ARM v7 Print Size'
arm-none-eabi-size AXI_DMA_Test.elf  |tee "AXI_DMA_Test.elf.size"
   text	   data	    bss	    dec	    hex	filename
  48572	   3040	  24552	  76164	  12984	AXI_DMA_Test.elf
'Finished building: AXI_DMA_Test.elf.size'
' '
09:54:49 **** Auto Build of project AXI_DMA_Test_bsp ****
make -k all 
"Running Make include in ps7_cortexa9_0/libsrc/axidma_v9_8/src"
make -C ps7_cortexa9_0/libsrc/axidma_v9_8/src -s include  "SHELL=CMD" "COMPILER=arm-none-eabi-gcc" "ARCHIVER=arm-none-eabi-ar" "COMPILER_FLAGS=  -O2 -c" "EXTRA_COMPILER_FLAGS=-mcpu=cortex-a9 -mfpu=vfpv3 -mfloat-abi=hard -nostartfiles -g -Wall -Wextra"
"Running Make include in ps7_cortexa9_0/libsrc/coresightps_dcc_v1_4/src"
make -C ps7_cortexa9_0/libsrc/coresightps_dcc_v1_4/src -s include  "SHELL=CMD" "COMPILER=arm-none-eabi-gcc" "ARCHIVER=arm-none-eabi-ar" "COMPILER_FLAGS=  -O2 -c" "EXTRA_COMPILER_FLAGS=-mcpu=cortex-a9 -mfpu=vfpv3 -mfloat-abi=hard -nostartfiles -g -Wall -Wextra"
"Running Make include in ps7_cortexa9_0/libsrc/cpu_cortexa9_v2_7/src"
make -C ps7_cortexa9_0/libsrc/cpu_cortexa9_v2_7/src -s include  "SHELL=CMD" "COMPILER=arm-none-eabi-gcc" "ARCHIVER=arm-none-eabi-ar" "COMPILER_FLAGS=  -O2 -c" "EXTRA_COMPILER_FLAGS=-mcpu=cortex-a9 -mfpu=vfpv3 -mfloat-abi=hard -nostartfiles -g -Wall -Wextra"
"Running Make include in ps7_cortexa9_0/libsrc/ddrps_v1_0/src"
make -C ps7_cortexa9_0/libsrc/ddrps_v1_0/src -s include  "SHELL=CMD" "COMPILER=arm-none-eabi-gcc" "ARCHIVER=arm-none-eabi-ar" "COMPILER_FLAGS=  -O2 -c" "EXTRA_COMPILER_FLAGS=-mcpu=cortex-a9 -mfpu=vfpv3 -mfloat-abi=hard -nostartfiles -g -Wall -Wextra"
"Running Make include in ps7_cortexa9_0/libsrc/devcfg_v3_5/src"
make -C ps7_cortexa9_0/libsrc/devcfg_v3_5/src -s include  "SHELL=CMD" "COMPILER=arm-none-eabi-gcc" "ARCHIVER=arm-none-eabi-ar" "COMPILER_FLAGS=  -O2 -c" "EXTRA_COMPILER_FLAGS=-mcpu=cortex-a9 -mfpu=vfpv3 -mfloat-abi=hard -nostartfiles -g -Wall -Wextra"
"Running Make include in ps7_cortexa9_0/libsrc/dmaps_v2_4/src"
make -C ps7_cortexa9_0/libsrc/dmaps_v2_4/src -s include  "SHELL=CMD" "COMPILER=arm-none-eabi-gcc" "ARCHIVER=arm-none-eabi-ar" "COMPILER_FLAGS=  -O2 -c" "EXTRA_COMPILER_FLAGS=-mcpu=cortex-a9 -mfpu=vfpv3 -mfloat-abi=hard -nostartfiles -g -Wall -Wextra"
"Running Make include in ps7_cortexa9_0/libsrc/scugic_v3_10/src"
make -C ps7_cortexa9_0/libsrc/scugic_v3_10/src -s include  "SHELL=CMD" "COMPILER=arm-none-eabi-gcc" "ARCHIVER=arm-none-eabi-ar" "COMPILER_FLAGS=  -O2 -c" "EXTRA_COMPILER_FLAGS=-mcpu=cortex-a9 -mfpu=vfpv3 -mfloat-abi=hard -nostartfiles -g -Wall -Wextra"
"Running Make include in ps7_cortexa9_0/libsrc/scutimer_v2_1/src"
make -C ps7_cortexa9_0/libsrc/scutimer_v2_1/src -s include  "SHELL=CMD" "COMPILER=arm-none-eabi-gcc" "ARCHIVER=arm-none-eabi-ar" "COMPILER_FLAGS=  -O2 -c" "EXTRA_COMPILER_FLAGS=-mcpu=cortex-a9 -mfpu=vfpv3 -mfloat-abi=hard -nostartfiles -g -Wall -Wextra"
"Running Make include in ps7_cortexa9_0/libsrc/scuwdt_v2_1/src"
make -C ps7_cortexa9_0/libsrc/scuwdt_v2_1/src -s include  "SHELL=CMD" "COMPILER=arm-none-eabi-gcc" "ARCHIVER=arm-none-eabi-ar" "COMPILER_FLAGS=  -O2 -c" "EXTRA_COMPILER_FLAGS=-mcpu=cortex-a9 -mfpu=vfpv3 -mfloat-abi=hard -nostartfiles -g -Wall -Wextra"
"Running Make include in ps7_cortexa9_0/libsrc/standalone_v6_8/src"
make -C ps7_cortexa9_0/libsrc/standalone_v6_8/src -s include  "SHELL=CMD" "COMPILER=arm-none-eabi-gcc" "ARCHIVER=arm-none-eabi-ar" "COMPILER_FLAGS=  -O2 -c" "EXTRA_COMPILER_FLAGS=-mcpu=cortex-a9 -mfpu=vfpv3 -mfloat-abi=hard -nostartfiles -g -Wall -Wextra"
"Running Make include in ps7_cortexa9_0/libsrc/uartps_v3_7/src"
make -C ps7_cortexa9_0/libsrc/uartps_v3_7/src -s include  "SHELL=CMD" "COMPILER=arm-none-eabi-gcc" "ARCHIVER=arm-none-eabi-ar" "COMPILER_FLAGS=  -O2 -c" "EXTRA_COMPILER_FLAGS=-mcpu=cortex-a9 -mfpu=vfpv3 -mfloat-abi=hard -nostartfiles -g -Wall -Wextra"
"Running Make include in ps7_cortexa9_0/libsrc/xadcps_v2_3/src"
make -C ps7_cortexa9_0/libsrc/xadcps_v2_3/src -s include  "SHELL=CMD" "COMPILER=arm-none-eabi-gcc" "ARCHIVER=arm-none-eabi-ar" "COMPILER_FLAGS=  -O2 -c" "EXTRA_COMPILER_FLAGS=-mcpu=cortex-a9 -mfpu=vfpv3 -mfloat-abi=hard -nostartfiles -g -Wall -Wextra"
"Running Make libs in ps7_cortexa9_0/libsrc/axidma_v9_8/src"
make -C ps7_cortexa9_0/libsrc/axidma_v9_8/src -s libs  "SHELL=CMD" "COMPILER=arm-none-eabi-gcc" "ARCHIVER=arm-none-eabi-ar" "COMPILER_FLAGS=  -O2 -c" "EXTRA_COMPILER_FLAGS=-mcpu=cortex-a9 -mfpu=vfpv3 -mfloat-abi=hard -nostartfiles -g -Wall -Wextra"
"Compiling axidma"
arm-none-eabi-ar: creating ../../../lib/libxil.a
"Running Make libs in ps7_cortexa9_0/libsrc/coresightps_dcc_v1_4/src"
make -C ps7_cortexa9_0/libsrc/coresightps_dcc_v1_4/src -s libs  "SHELL=CMD" "COMPILER=arm-none-eabi-gcc" "ARCHIVER=arm-none-eabi-ar" "COMPILER_FLAGS=  -O2 -c" "EXTRA_COMPILER_FLAGS=-mcpu=cortex-a9 -mfpu=vfpv3 -mfloat-abi=hard -nostartfiles -g -Wall -Wextra"
"Compiling coresightps_dcc"
"Running Make libs in ps7_cortexa9_0/libsrc/cpu_cortexa9_v2_7/src"
make -C ps7_cortexa9_0/libsrc/cpu_cortexa9_v2_7/src -s libs  "SHELL=CMD" "COMPILER=arm-none-eabi-gcc" "ARCHIVER=arm-none-eabi-ar" "COMPILER_FLAGS=  -O2 -c" "EXTRA_COMPILER_FLAGS=-mcpu=cortex-a9 -mfpu=vfpv3 -mfloat-abi=hard -nostartfiles -g -Wall -Wextra"
"Compiling cpu_cortexa9"
"Running Make libs in ps7_cortexa9_0/libsrc/ddrps_v1_0/src"
make -C ps7_cortexa9_0/libsrc/ddrps_v1_0/src -s libs  "SHELL=CMD" "COMPILER=arm-none-eabi-gcc" "ARCHIVER=arm-none-eabi-ar" "COMPILER_FLAGS=  -O2 -c" "EXTRA_COMPILER_FLAGS=-mcpu=cortex-a9 -mfpu=vfpv3 -mfloat-abi=hard -nostartfiles -g -Wall -Wextra"
"Compiling ddrps"
"Running Make libs in ps7_cortexa9_0/libsrc/devcfg_v3_5/src"
make -C ps7_cortexa9_0/libsrc/devcfg_v3_5/src -s libs  "SHELL=CMD" "COMPILER=arm-none-eabi-gcc" "ARCHIVER=arm-none-eabi-ar" "COMPILER_FLAGS=  -O2 -c" "EXTRA_COMPILER_FLAGS=-mcpu=cortex-a9 -mfpu=vfpv3 -mfloat-abi=hard -nostartfiles -g -Wall -Wextra"
"Compiling devcfg"
"Running Make libs in ps7_cortexa9_0/libsrc/dmaps_v2_4/src"
make -C ps7_cortexa9_0/libsrc/dmaps_v2_4/src -s libs  "SHELL=CMD" "COMPILER=arm-none-eabi-gcc" "ARCHIVER=arm-none-eabi-ar" "COMPILER_FLAGS=  -O2 -c" "EXTRA_COMPILER_FLAGS=-mcpu=cortex-a9 -mfpu=vfpv3 -mfloat-abi=hard -nostartfiles -g -Wall -Wextra"
"Compiling dmaps"
"Running Make libs in ps7_cortexa9_0/libsrc/scugic_v3_10/src"
make -C ps7_cortexa9_0/libsrc/scugic_v3_10/src -s libs  "SHELL=CMD" "COMPILER=arm-none-eabi-gcc" "ARCHIVER=arm-none-eabi-ar" "COMPILER_FLAGS=  -O2 -c" "EXTRA_COMPILER_FLAGS=-mcpu=cortex-a9 -mfpu=vfpv3 -mfloat-abi=hard -nostartfiles -g -Wall -Wextra"
"Compiling scugic"
"Running Make libs in ps7_cortexa9_0/libsrc/scutimer_v2_1/src"
make -C ps7_cortexa9_0/libsrc/scutimer_v2_1/src -s libs  "SHELL=CMD" "COMPILER=arm-none-eabi-gcc" "ARCHIVER=arm-none-eabi-ar" "COMPILER_FLAGS=  -O2 -c" "EXTRA_COMPILER_FLAGS=-mcpu=cortex-a9 -mfpu=vfpv3 -mfloat-abi=hard -nostartfiles -g -Wall -Wextra"
"Compiling scutimer"
"Running Make libs in ps7_cortexa9_0/libsrc/scuwdt_v2_1/src"
make -C ps7_cortexa9_0/libsrc/scuwdt_v2_1/src -s libs  "SHELL=CMD" "COMPILER=arm-none-eabi-gcc" "ARCHIVER=arm-none-eabi-ar" "COMPILER_FLAGS=  -O2 -c" "EXTRA_COMPILER_FLAGS=-mcpu=cortex-a9 -mfpu=vfpv3 -mfloat-abi=hard -nostartfiles -g -Wall -Wextra"
"Compiling scuwdt"
"Running Make libs in ps7_cortexa9_0/libsrc/standalone_v6_8/src"
make -C ps7_cortexa9_0/libsrc/standalone_v6_8/src -s libs  "SHELL=CMD" "COMPILER=arm-none-eabi-gcc" "ARCHIVER=arm-none-eabi-ar" "COMPILER_FLAGS=  -O2 -c" "EXTRA_COMPILER_FLAGS=-mcpu=cortex-a9 -mfpu=vfpv3 -mfloat-abi=hard -nostartfiles -g -Wall -Wextra"
"Compiling standalone"
In file included from usleep.c:56:0:
xtime_l.h:87:9: note: #pragma message: For the sleep routines, Global timer is being used
 #pragma message ("For the sleep routines, Global timer is being used")
         ^~~~~~~
In file included from xil_sleeptimer.c:51:0:
xtime_l.h:87:9: note: #pragma message: For the sleep routines, Global timer is being used
 #pragma message ("For the sleep routines, Global timer is being used")
         ^~~~~~~
In file included from xtime_l.c:49:0:
xtime_l.h:87:9: note: #pragma message: For the sleep routines, Global timer is being used
 #pragma message ("For the sleep routines, Global timer is being used")
         ^~~~~~~
In file included from sleep.c:53:0:
xtime_l.h:87:9: note: #pragma message: For the sleep routines, Global timer is being used
 #pragma message ("For the sleep routines, Global timer is being used")
         ^~~~~~~
"Running Make libs in ps7_cortexa9_0/libsrc/uartps_v3_7/src"
make -C ps7_cortexa9_0/libsrc/uartps_v3_7/src -s libs  "SHELL=CMD" "COMPILER=arm-none-eabi-gcc" "ARCHIVER=arm-none-eabi-ar" "COMPILER_FLAGS=  -O2 -c" "EXTRA_COMPILER_FLAGS=-mcpu=cortex-a9 -mfpu=vfpv3 -mfloat-abi=hard -nostartfiles -g -Wall -Wextra"
"Compiling uartps"
"Running Make libs in ps7_cortexa9_0/libsrc/xadcps_v2_3/src"
make -C ps7_cortexa9_0/libsrc/xadcps_v2_3/src -s libs  "SHELL=CMD" "COMPILER=arm-none-eabi-gcc" "ARCHIVER=arm-none-eabi-ar" "COMPILER_FLAGS=  -O2 -c" "EXTRA_COMPILER_FLAGS=-mcpu=cortex-a9 -mfpu=vfpv3 -mfloat-abi=hard -nostartfiles -g -Wall -Wextra"
"Compiling xadcps"
'Finished building libraries'
09:54:56 **** Auto Build of configuration Debug for project AXI_DMA_Test ****
make pre-build main-build 
a9-linaro-pre-build-step
' '
'Building file: ../src/COMMON.c'
'Invoking: ARM v7 gcc compiler'
arm-none-eabi-gcc -Wall -O0 -g3 -I../../AXI_DMA_Test_bsp/ps7_cortexa9_0/include -I"C:\Users\Administrator\Desktop\workspace\ch17_ACZ7015_AXI_DMA\AXI_DMA.sdk\AXI_DMA_Test\ACZ7015_Lib\AXI_DMA" -I"C:\Users\Administrator\Desktop\workspace\ch17_ACZ7015_AXI_DMA\AXI_DMA.sdk\AXI_DMA_Test\ACZ7015_Lib\SCU" -I"C:\Users\Administrator\Desktop\workspace\ch17_ACZ7015_AXI_DMA\AXI_DMA.sdk\AXI_DMA_Test\src" -c -fmessage-length=0 -MT"src/COMMON.o" -mcpu=cortex-a9 -mfpu=vfpv3 -mfloat-abi=hard -MMD -MP -MF"src/COMMON.d" -MT"src/COMMON.o" -o "src/COMMON.o" "../src/COMMON.c"
'Finished building: ../src/COMMON.c'
' '
'Building file: ../src/ISR.c'
'Invoking: ARM v7 gcc compiler'
arm-none-eabi-gcc -Wall -O0 -g3 -I../../AXI_DMA_Test_bsp/ps7_cortexa9_0/include -I"C:\Users\Administrator\Desktop\workspace\ch17_ACZ7015_AXI_DMA\AXI_DMA.sdk\AXI_DMA_Test\ACZ7015_Lib\AXI_DMA" -I"C:\Users\Administrator\Desktop\workspace\ch17_ACZ7015_AXI_DMA\AXI_DMA.sdk\AXI_DMA_Test\ACZ7015_Lib\SCU" -I"C:\Users\Administrator\Desktop\workspace\ch17_ACZ7015_AXI_DMA\AXI_DMA.sdk\AXI_DMA_Test\src" -c -fmessage-length=0 -MT"src/ISR.o" -mcpu=cortex-a9 -mfpu=vfpv3 -mfloat-abi=hard -MMD -MP -MF"src/ISR.d" -MT"src/ISR.o" -o "src/ISR.o" "../src/ISR.c"
'Finished building: ../src/ISR.c'
' '
'Building file: ../src/main.c'
'Invoking: ARM v7 gcc compiler'
arm-none-eabi-gcc -Wall -O0 -g3 -I../../AXI_DMA_Test_bsp/ps7_cortexa9_0/include -I"C:\Users\Administrator\Desktop\workspace\ch17_ACZ7015_AXI_DMA\AXI_DMA.sdk\AXI_DMA_Test\ACZ7015_Lib\AXI_DMA" -I"C:\Users\Administrator\Desktop\workspace\ch17_ACZ7015_AXI_DMA\AXI_DMA.sdk\AXI_DMA_Test\ACZ7015_Lib\SCU" -I"C:\Users\Administrator\Desktop\workspace\ch17_ACZ7015_AXI_DMA\AXI_DMA.sdk\AXI_DMA_Test\src" -c -fmessage-length=0 -MT"src/main.o" -mcpu=cortex-a9 -mfpu=vfpv3 -mfloat-abi=hard -MMD -MP -MF"src/main.d" -MT"src/main.o" -o "src/main.o" "../src/main.c"
'Finished building: ../src/main.c'
' '
'Building file: ../ACZ7015_Lib/SCU/SCU_GIC.c'
'Invoking: ARM v7 gcc compiler'
arm-none-eabi-gcc -Wall -O0 -g3 -I../../AXI_DMA_Test_bsp/ps7_cortexa9_0/include -I"C:\Users\Administrator\Desktop\workspace\ch17_ACZ7015_AXI_DMA\AXI_DMA.sdk\AXI_DMA_Test\ACZ7015_Lib\AXI_DMA" -I"C:\Users\Administrator\Desktop\workspace\ch17_ACZ7015_AXI_DMA\AXI_DMA.sdk\AXI_DMA_Test\ACZ7015_Lib\SCU" -I"C:\Users\Administrator\Desktop\workspace\ch17_ACZ7015_AXI_DMA\AXI_DMA.sdk\AXI_DMA_Test\src" -c -fmessage-length=0 -MT"ACZ7015_Lib/SCU/SCU_GIC.o" -mcpu=cortex-a9 -mfpu=vfpv3 -mfloat-abi=hard -MMD -MP -MF"ACZ7015_Lib/SCU/SCU_GIC.d" -MT"ACZ7015_Lib/SCU/SCU_GIC.o" -o "ACZ7015_Lib/SCU/SCU_GIC.o" "../ACZ7015_Lib/SCU/SCU_GIC.c"
'Finished building: ../ACZ7015_Lib/SCU/SCU_GIC.c'
' '
'Building file: ../ACZ7015_Lib/SCU/SCU_TIMER.c'
'Invoking: ARM v7 gcc compiler'
arm-none-eabi-gcc -Wall -O0 -g3 -I../../AXI_DMA_Test_bsp/ps7_cortexa9_0/include -I"C:\Users\Administrator\Desktop\workspace\ch17_ACZ7015_AXI_DMA\AXI_DMA.sdk\AXI_DMA_Test\ACZ7015_Lib\AXI_DMA" -I"C:\Users\Administrator\Desktop\workspace\ch17_ACZ7015_AXI_DMA\AXI_DMA.sdk\AXI_DMA_Test\ACZ7015_Lib\SCU" -I"C:\Users\Administrator\Desktop\workspace\ch17_ACZ7015_AXI_DMA\AXI_DMA.sdk\AXI_DMA_Test\src" -c -fmessage-length=0 -MT"ACZ7015_Lib/SCU/SCU_TIMER.o" -mcpu=cortex-a9 -mfpu=vfpv3 -mfloat-abi=hard -MMD -MP -MF"ACZ7015_Lib/SCU/SCU_TIMER.d" -MT"ACZ7015_Lib/SCU/SCU_TIMER.o" -o "ACZ7015_Lib/SCU/SCU_TIMER.o" "../ACZ7015_Lib/SCU/SCU_TIMER.c"
'Finished building: ../ACZ7015_Lib/SCU/SCU_TIMER.c'
' '
'Building file: ../ACZ7015_Lib/AXI_DMA/AXI_DMA.c'
'Invoking: ARM v7 gcc compiler'
arm-none-eabi-gcc -Wall -O0 -g3 -I../../AXI_DMA_Test_bsp/ps7_cortexa9_0/include -I"C:\Users\Administrator\Desktop\workspace\ch17_ACZ7015_AXI_DMA\AXI_DMA.sdk\AXI_DMA_Test\ACZ7015_Lib\AXI_DMA" -I"C:\Users\Administrator\Desktop\workspace\ch17_ACZ7015_AXI_DMA\AXI_DMA.sdk\AXI_DMA_Test\ACZ7015_Lib\SCU" -I"C:\Users\Administrator\Desktop\workspace\ch17_ACZ7015_AXI_DMA\AXI_DMA.sdk\AXI_DMA_Test\src" -c -fmessage-length=0 -MT"ACZ7015_Lib/AXI_DMA/AXI_DMA.o" -mcpu=cortex-a9 -mfpu=vfpv3 -mfloat-abi=hard -MMD -MP -MF"ACZ7015_Lib/AXI_DMA/AXI_DMA.d" -MT"ACZ7015_Lib/AXI_DMA/AXI_DMA.o" -o "ACZ7015_Lib/AXI_DMA/AXI_DMA.o" "../ACZ7015_Lib/AXI_DMA/AXI_DMA.c"
'Finished building: ../ACZ7015_Lib/AXI_DMA/AXI_DMA.c'
' '
'Building target: AXI_DMA_Test.elf'
'Invoking: ARM v7 gcc linker'
arm-none-eabi-gcc -mcpu=cortex-a9 -mfpu=vfpv3 -mfloat-abi=hard -Wl,-build-id=none -specs=Xilinx.spec -Wl,-T -Wl,../src/lscript.ld -L../../AXI_DMA_Test_bsp/ps7_cortexa9_0/lib -o "AXI_DMA_Test.elf"  ./src/COMMON.o ./src/ISR.o ./src/main.o  ./ACZ7015_Lib/SCU/SCU_GIC.o ./ACZ7015_Lib/SCU/SCU_TIMER.o  ./ACZ7015_Lib/AXI_DMA/AXI_DMA.o   -Wl,--start-group,-lxil,-lgcc,-lc,--end-group
'Finished building target: AXI_DMA_Test.elf'
' '
'Invoking: ARM v7 Print Size'
arm-none-eabi-size AXI_DMA_Test.elf  |tee "AXI_DMA_Test.elf.size"
   text	   data	    bss	    dec	    hex	filename
  48636	   3040	  24552	  76228	  129c4	AXI_DMA_Test.elf
'Finished building: AXI_DMA_Test.elf.size'
' '
09:55:07 **** Incremental Build of configuration Debug for project AXI_DMA_Test ****
make pre-build main-build 
a9-linaro-pre-build-step
' '
make: Nothing to be done for 'main-build'.
